Component: ARM Compiler 5.06 update 3 (build 300) Tool: armlink [4d35c9]

==============================================================================

Section Cross References

    startup_stm32f427xx.o(RESET) refers to startup_stm32f427xx.o(STACK) for __initial_sp
    startup_stm32f427xx.o(RESET) refers to startup_stm32f427xx.o(.text) for Reset_Handler
    startup_stm32f427xx.o(RESET) refers to stm32f4xx_it.o(i.NMI_Handler) for NMI_Handler
    startup_stm32f427xx.o(RESET) refers to stm32f4xx_it.o(i.HardFault_Handler) for HardFault_Handler
    startup_stm32f427xx.o(RESET) refers to stm32f4xx_it.o(i.MemManage_Handler) for MemManage_Handler
    startup_stm32f427xx.o(RESET) refers to stm32f4xx_it.o(i.BusFault_Handler) for BusFault_Handler
    startup_stm32f427xx.o(RESET) refers to stm32f4xx_it.o(i.UsageFault_Handler) for UsageFault_Handler
    startup_stm32f427xx.o(RESET) refers to port.o(.emb_text) for SVC_Handler
    startup_stm32f427xx.o(RESET) refers to stm32f4xx_it.o(i.DebugMon_Handler) for DebugMon_Handler
    startup_stm32f427xx.o(RESET) refers to port.o(i.SysTick_Handler) for SysTick_Handler
    startup_stm32f427xx.o(RESET) refers to stm32f4xx_it.o(i.DMA1_Stream1_IRQHandler) for DMA1_Stream1_IRQHandler
    startup_stm32f427xx.o(RESET) refers to stm32f4xx_it.o(i.DMA1_Stream3_IRQHandler) for DMA1_Stream3_IRQHandler
    startup_stm32f427xx.o(RESET) refers to stm32f4xx_it.o(i.DMA1_Stream5_IRQHandler) for DMA1_Stream5_IRQHandler
    startup_stm32f427xx.o(RESET) refers to stm32f4xx_it.o(i.DMA1_Stream6_IRQHandler) for DMA1_Stream6_IRQHandler
    startup_stm32f427xx.o(RESET) refers to stm32f4xx_it.o(i.CAN1_TX_IRQHandler) for CAN1_TX_IRQHandler
    startup_stm32f427xx.o(RESET) refers to stm32f4xx_it.o(i.CAN1_RX0_IRQHandler) for CAN1_RX0_IRQHandler
    startup_stm32f427xx.o(RESET) refers to stm32f4xx_it.o(i.USART1_IRQHandler) for USART1_IRQHandler
    startup_stm32f427xx.o(RESET) refers to stm32f4xx_it.o(i.USART2_IRQHandler) for USART2_IRQHandler
    startup_stm32f427xx.o(RESET) refers to stm32f4xx_it.o(i.SDIO_IRQHandler) for SDIO_IRQHandler
    startup_stm32f427xx.o(RESET) refers to stm32f4xx_it.o(i.TIM6_DAC_IRQHandler) for TIM6_DAC_IRQHandler
    startup_stm32f427xx.o(RESET) refers to stm32f4xx_it.o(i.DMA2_Stream1_IRQHandler) for DMA2_Stream1_IRQHandler
    startup_stm32f427xx.o(RESET) refers to stm32f4xx_it.o(i.DMA2_Stream2_IRQHandler) for DMA2_Stream2_IRQHandler
    startup_stm32f427xx.o(RESET) refers to stm32f4xx_it.o(i.CAN2_TX_IRQHandler) for CAN2_TX_IRQHandler
    startup_stm32f427xx.o(RESET) refers to stm32f4xx_it.o(i.CAN2_RX0_IRQHandler) for CAN2_RX0_IRQHandler
    startup_stm32f427xx.o(RESET) refers to stm32f4xx_it.o(i.DMA2_Stream6_IRQHandler) for DMA2_Stream6_IRQHandler
    startup_stm32f427xx.o(RESET) refers to stm32f4xx_it.o(i.USART6_IRQHandler) for USART6_IRQHandler
    startup_stm32f427xx.o(.text) refers to system_stm32f4xx.o(i.SystemInit) for SystemInit
    startup_stm32f427xx.o(.text) refers to entry.o(.ARM.Collect$$$$00000000) for __main
    main.o(i.HAL_TIM_PeriodElapsedCallback) refers to stm32f4xx_hal.o(i.HAL_IncTick) for HAL_IncTick
    main.o(i.SystemClock_Config) refers to memseta.o(.text) for __aeabi_memclr4
    main.o(i.SystemClock_Config) refers to stm32f4xx_hal_rcc.o(i.HAL_RCC_OscConfig) for HAL_RCC_OscConfig
    main.o(i.SystemClock_Config) refers to stm32f4xx_hal_pwr_ex.o(i.HAL_PWREx_EnableOverDrive) for HAL_PWREx_EnableOverDrive
    main.o(i.SystemClock_Config) refers to stm32f4xx_hal_rcc.o(i.HAL_RCC_ClockConfig) for HAL_RCC_ClockConfig
    main.o(i.SystemClock_Config) refers to stm32f4xx_hal_rcc_ex.o(i.HAL_RCCEx_PeriphCLKConfig) for HAL_RCCEx_PeriphCLKConfig
    main.o(i.main) refers to stm32f4xx_hal.o(i.HAL_Init) for HAL_Init
    main.o(i.main) refers to main.o(i.SystemClock_Config) for SystemClock_Config
    main.o(i.main) refers to gpio.o(i.MX_GPIO_Init) for MX_GPIO_Init
    main.o(i.main) refers to dma.o(i.MX_DMA_Init) for MX_DMA_Init
    main.o(i.main) refers to rtc.o(i.MX_RTC_Init) for MX_RTC_Init
    main.o(i.main) refers to tim.o(i.MX_TIM1_Init) for MX_TIM1_Init
    main.o(i.main) refers to tim.o(i.MX_TIM2_Init) for MX_TIM2_Init
    main.o(i.main) refers to tim.o(i.MX_TIM3_Init) for MX_TIM3_Init
    main.o(i.main) refers to tim.o(i.MX_TIM4_Init) for MX_TIM4_Init
    main.o(i.main) refers to tim.o(i.MX_TIM5_Init) for MX_TIM5_Init
    main.o(i.main) refers to tim.o(i.MX_TIM8_Init) for MX_TIM8_Init
    main.o(i.main) refers to tim.o(i.MX_TIM12_Init) for MX_TIM12_Init
    main.o(i.main) refers to can.o(i.MX_CAN1_Init) for MX_CAN1_Init
    main.o(i.main) refers to can.o(i.MX_CAN2_Init) for MX_CAN2_Init
    main.o(i.main) refers to sdio.o(i.MX_SDIO_SD_Init) for MX_SDIO_SD_Init
    main.o(i.main) refers to spi.o(i.MX_SPI5_Init) for MX_SPI5_Init
    main.o(i.main) refers to usart.o(i.MX_USART1_UART_Init) for MX_USART1_UART_Init
    main.o(i.main) refers to usart.o(i.MX_USART2_UART_Init) for MX_USART2_UART_Init
[...]
    DebugMon_Handler                         0x080017cd   Thumb Code     2  stm32f4xx_it.o(i.DebugMon_Handler)
    Error_Handler                            0x080017cf   Thumb Code     2  main.o(i.Error_Handler)
    FirstSpace                               0x080017d1   Thumb Code    24  stmgood.o(i.FirstSpace)
    GetDBUS                                  0x080017e9   Thumb Code   206  dbus.o(i.GetDBUS)
    GetGimbalTarget                          0x080018c5   Thumb Code   178  gimbalcontrol.o(i.GetGimbalTarget)
    GimbalCalibration                        0x08001995   Thumb Code    70  gimbalcontrol.o(i.GimbalCalibration)
    GimbalInit                               0x080019e5   Thumb Code   138  gimbalcontrol.o(i.GimbalInit)
    HAL_CAN_ActivateNotification             0x08001a99   Thumb Code    40  stm32f4xx_hal_can.o(i.HAL_CAN_ActivateNotification)
    HAL_CAN_AddTxMessage                     0x08001ac1   Thumb Code   200  stm32f4xx_hal_can.o(i.HAL_CAN_AddTxMessage)
    HAL_CAN_ConfigFilter                     0x08001b89   Thumb Code   262  stm32f4xx_hal_can.o(i.HAL_CAN_ConfigFilter)
    HAL_CAN_ErrorCallback                    0x08001c95   Thumb Code     2  stm32f4xx_hal_can.o(i.HAL_CAN_ErrorCallback)
    HAL_CAN_GetRxMessage                     0x08001c97   Thumb Code   250  stm32f4xx_hal_can.o(i.HAL_CAN_GetRxMessage)
    HAL_CAN_IRQHandler                       0x08001d91   Thumb Code   508  stm32f4xx_hal_can.o(i.HAL_CAN_IRQHandler)
    HAL_CAN_Init                             0x08001f8d   Thumb Code   282  stm32f4xx_hal_can.o(i.HAL_CAN_Init)
    HAL_CAN_MspInit                          0x080020a9   Thumb Code   260  can.o(i.HAL_CAN_MspInit)
    HAL_CAN_RxFifo0FullCallback              0x080021c5   Thumb Code     2  stm32f4xx_hal_can.o(i.HAL_CAN_RxFifo0FullCallback)
    HAL_CAN_RxFifo0MsgPendingCallback        0x080021c9   Thumb Code   410  bsp_can.o(i.HAL_CAN_RxFifo0MsgPendingCallback)
    HAL_CAN_RxFifo1FullCallback              0x08002389   Thumb Code     2  stm32f4xx_hal_can.o(i.HAL_CAN_RxFifo1FullCallback)
    HAL_CAN_RxFifo1MsgPendingCallback        0x0800238b   Thumb Code     2  stm32f4xx_hal_can.o(i.HAL_CAN_RxFifo1MsgPendingCallback)
    HAL_CAN_SleepCallback                    0x0800238d   Thumb Code     2  stm32f4xx_hal_can.o(i.HAL_CAN_SleepCallback)
    HAL_CAN_Start                            0x08002391   Thumb Code    88  stm32f4xx_hal_can.o(i.HAL_CAN_Start)
    HAL_CAN_TxMailbox0AbortCallback          0x080023e9   Thumb Code     2  stm32f4xx_hal_can.o(i.HAL_CAN_TxMailbox0AbortCallback)
    HAL_CAN_TxMailbox0CompleteCallback       0x080023eb   Thumb Code     2  stm32f4xx_hal_can.o(i.HAL_CAN_TxMailbox0CompleteCallback)
    HAL_CAN_TxMailbox1AbortCallback          0x080023ed   Thumb Code     2  stm32f4xx_hal_can.o(i.HAL_CAN_TxMailbox1AbortCallback)
    HAL_CAN_TxMailbox1CompleteCallback       0x080023ef   Thumb Code     2  stm32f4xx_hal_can.o(i.HAL_CAN_TxMailbox1CompleteCallback)
    HAL_CAN_TxMailbox2AbortCallback          0x080023f1   Thumb Code     2  stm32f4xx_hal_can.o(i.HAL_CAN_TxMailbox2AbortCallback)
    HAL_CAN_TxMailbox2CompleteCallback       0x080023f3   Thumb Code     2  stm32f4xx_hal_can.o(i.HAL_CAN_TxMailbox2CompleteCallback)
    HAL_CAN_WakeUpFromRxMsgCallback          0x080023f5   Thumb Code     2  stm32f4xx_hal_can.o(i.HAL_CAN_WakeUpFromRxMsgCallback)
    HAL_DMA_Abort                            0x080023f7   Thumb Code   142  stm32f4xx_hal_dma.o(i.HAL_DMA_Abort)
    HAL_DMA_Abort_IT                         0x08002485   Thumb Code    36  stm32f4xx_hal_dma.o(i.HAL_DMA_Abort_IT)
    HAL_DMA_IRQHandler                       0x080024a9   Thumb Code   412  stm32f4xx_hal_dma.o(i.HAL_DMA_IRQHandler)
    HAL_DMA_Init                             0x08002649   Thumb Code   206  stm32f4xx_hal_dma.o(i.HAL_DMA_Init)
    HAL_DMA_Start                            0x0800271d   Thumb Code    70  stm32f4xx_hal_dma.o(i.HAL_DMA_Start)
    HAL_DMA_Start_IT                         0x08002763   Thumb Code   120  stm32f4xx_hal_dma.o(i.HAL_DMA_Start_IT)
    HAL_Delay                                0x080027dd   Thumb Code    32  stm32f4xx_hal.o(i.HAL_Delay)
    HAL_GPIO_Init                            0x08002801   Thumb Code   408  stm32f4xx_hal_gpio.o(i.HAL_GPIO_Init)
    HAL_GPIO_TogglePin                       0x080029cd   Thumb Code     8  stm32f4xx_hal_gpio.o(i.HAL_GPIO_TogglePin)
    HAL_GPIO_WritePin                        0x080029d5   Thumb Code    10  stm32f4xx_hal_gpio.o(i.HAL_GPIO_WritePin)
    HAL_GetTick                              0x080029e1   Thumb Code     6  stm32f4xx_hal.o(i.HAL_GetTick)
    HAL_IncTick                              0x080029ed   Thumb Code    12  stm32f4xx_hal.o(i.HAL_IncTick)
    HAL_Init                                 0x080029fd   Thumb Code    48  stm32f4xx_hal.o(i.HAL_Init)
    HAL_InitTick                             0x08002a31   Thumb Code   100  stm32f4xx_hal_timebase_tim.o(i.HAL_InitTick)
    HAL_MspInit                              0x08002aa5   Thumb Code    52  stm32f4xx_hal_msp.o(i.HAL_MspInit)
    HAL_NVIC_EnableIRQ                       0x08002add   Thumb Code    22  stm32f4xx_hal_cortex.o(i.HAL_NVIC_EnableIRQ)
    HAL_NVIC_SetPriority                     0x08002af5   Thumb Code    60  stm32f4xx_hal_cortex.o(i.HAL_NVIC_SetPriority)
    HAL_NVIC_SetPriorityGrouping             0x08002b35   Thumb Code    26  stm32f4xx_hal_cortex.o(i.HAL_NVIC_SetPriorityGrouping)
    HAL_PWREx_EnableOverDrive                0x08002b59   Thumb Code    98  stm32f4xx_hal_pwr_ex.o(i.HAL_PWREx_EnableOverDrive)
    HAL_RCCEx_PeriphCLKConfig                0x08002bc9   Thumb Code   528  stm32f4xx_hal_rcc_ex.o(i.HAL_RCCEx_PeriphCLKConfig)
    HAL_RCC_ClockConfig                      0x08002dfd   Thumb Code   286  stm32f4xx_hal_rcc.o(i.HAL_RCC_ClockConfig)
    HAL_RCC_GetClockConfig                   0x08002f2d   Thumb Code    54  stm32f4xx_hal_rcc.o(i.HAL_RCC_GetClockConfig)
    HAL_RCC_GetPCLK1Freq                     0x08002f6d   Thumb Code    20  stm32f4xx_hal_rcc.o(i.HAL_RCC_GetPCLK1Freq)
    HAL_RCC_GetPCLK2Freq                     0x08002f8d   Thumb Code    20  stm32f4xx_hal_rcc.o(i.HAL_RCC_GetPCLK2Freq)
    HAL_RCC_GetSysClockFreq                  0x08002fad   Thumb Code    88  stm32f4xx_hal_rcc.o(i.HAL_RCC_GetSysClockFreq)
    HAL_RCC_OscConfig                        0x08003011   Thumb Code   770  stm32f4xx_hal_rcc.o(i.HAL_RCC_OscConfig)
    HAL_RTCEx_SetWakeUpTimer                 0x0800332d   Thumb Code   194  stm32f4xx_hal_rtc_ex.o(i.HAL_RTCEx_SetWakeUpTimer)
    HAL_RTC_Init                             0x080033f1   Thumb Code   166  stm32f4xx_hal_rtc.o(i.HAL_RTC_Init)
    HAL_RTC_MspInit                          0x0800349d   Thumb Code    16  rtc.o(i.HAL_RTC_MspInit)
    HAL_RTC_SetDate                          0x080034b5   Thumb Code   194  stm32f4xx_hal_rtc.o(i.HAL_RTC_SetDate)
    HAL_RTC_SetTime                          0x0800357d   Thumb Code   236  stm32f4xx_hal_rtc.o(i.HAL_RTC_SetTime)
    HAL_RTC_WaitForSynchro                   0x0800366d   Thumb Code    54  stm32f4xx_hal_rtc.o(i.HAL_RTC_WaitForSynchro)
    HAL_SD_AbortCallback                     0x080036a3   Thumb Code     2  stm32f4xx_hal_sd.o(i.HAL_SD_AbortCallback)
    HAL_SD_ConfigWideBusOperation            0x080036a5   Thumb Code   120  stm32f4xx_hal_sd.o(i.HAL_SD_ConfigWideBusOperation)
    HAL_SD_ErrorCallback                     0x0800371d   Thumb Code     2  stm32f4xx_hal_sd.o(i.HAL_SD_ErrorCallback)
    HAL_SD_GetCardCSD                        0x0800371f   Thumb Code   474  stm32f4xx_hal_sd.o(i.HAL_SD_GetCardCSD)
    HAL_SD_GetCardState                      0x080038f9   Thumb Code    44  stm32f4xx_hal_sd.o(i.HAL_SD_GetCardState)
    HAL_SD_IRQHandler                        0x08003925   Thumb Code   438  stm32f4xx_hal_sd.o(i.HAL_SD_IRQHandler)
    HAL_SD_Init                              0x08003ae5   Thumb Code    54  stm32f4xx_hal_sd.o(i.HAL_SD_Init)
    HAL_SD_InitCard                          0x08003b1d   Thumb Code    80  stm32f4xx_hal_sd.o(i.HAL_SD_InitCard)
    HAL_SD_MspInit                           0x08003b71   Thumb Code   146  sdio.o(i.HAL_SD_MspInit)
    HAL_SD_RxCpltCallback                    0x08003c15   Thumb Code     2  stm32f4xx_hal_sd.o(i.HAL_SD_RxCpltCallback)
    HAL_SD_TxCpltCallback                    0x08003c17   Thumb Code     2  stm32f4xx_hal_sd.o(i.HAL_SD_TxCpltCallback)
    HAL_SPI_Init                             0x08003c19   Thumb Code   128  stm32f4xx_hal_spi.o(i.HAL_SPI_Init)
    HAL_SPI_MspInit                          0x08003c99   Thumb Code    94  spi.o(i.HAL_SPI_MspInit)
    HAL_SPI_TransmitReceive                  0x08003d05   Thumb Code   472  stm32f4xx_hal_spi.o(i.HAL_SPI_TransmitReceive)
    HAL_TIMEx_BreakCallback                  0x08003edd   Thumb Code     2  stm32f4xx_hal_tim_ex.o(i.HAL_TIMEx_BreakCallback)
    HAL_TIMEx_CommutationCallback            0x08003edf   Thumb Code     2  stm32f4xx_hal_tim_ex.o(i.HAL_TIMEx_CommutationCallback)
    HAL_TIMEx_ConfigBreakDeadTime            0x08003ee1   Thumb Code    90  stm32f4xx_hal_tim_ex.o(i.HAL_TIMEx_ConfigBreakDeadTime)
    HAL_TIMEx_MasterConfigSynchronization    0x08003f3b   Thumb Code    80  stm32f4xx_hal_tim_ex.o(i.HAL_TIMEx_MasterConfigSynchronization)
    HAL_TIM_Base_Init                        0x08003f8b   Thumb Code    54  stm32f4xx_hal_tim.o(i.HAL_TIM_Base_Init)
    HAL_TIM_Base_MspInit                     0x08003fc1   Thumb Code     2  stm32f4xx_hal_tim.o(i.HAL_TIM_Base_MspInit)
    HAL_TIM_Base_Start_IT                    0x08003fc3   Thumb Code    24  stm32f4xx_hal_tim.o(i.HAL_TIM_Base_Start_IT)
    HAL_TIM_IC_CaptureCallback               0x08003fdb   Thumb Code     2  stm32f4xx_hal_tim.o(i.HAL_TIM_IC_CaptureCallback)
    HAL_TIM_IRQHandler                       0x08003fdd   Thumb Code   358  stm32f4xx_hal_tim.o(i.HAL_TIM_IRQHandler)
    HAL_TIM_MspPostInit                      0x08004145   Thumb Code   380  tim.o(i.HAL_TIM_MspPostInit)
    HAL_TIM_OC_DelayElapsedCallback          0x080042f5   Thumb Code     2  stm32f4xx_hal_tim.o(i.HAL_TIM_OC_DelayElapsedCallback)
    HAL_TIM_PWM_ConfigChannel                0x080042f7   Thumb Code   208  stm32f4xx_hal_tim.o(i.HAL_TIM_PWM_ConfigChannel)
    HAL_TIM_PWM_Init                         0x080043c7   Thumb Code    54  stm32f4xx_hal_tim.o(i.HAL_TIM_PWM_Init)
    HAL_TIM_PWM_MspInit                      0x080043fd   Thumb Code   158  tim.o(i.HAL_TIM_PWM_MspInit)
    HAL_TIM_PWM_PulseFinishedCallback        0x080044b9   Thumb Code     2  stm32f4xx_hal_tim.o(i.HAL_TIM_PWM_PulseFinishedCallback)
    HAL_TIM_PWM_Start                        0x080044bd   Thumb Code    48  stm32f4xx_hal_tim.o(i.HAL_TIM_PWM_Start)
    HAL_TIM_PeriodElapsedCallback            0x080044f5   Thumb Code    14  main.o(i.HAL_TIM_PeriodElapsedCallback)
    HAL_TIM_TriggerCallback                  0x08004509   Thumb Code     2  stm32f4xx_hal_tim.o(i.HAL_TIM_TriggerCallback)
    HAL_UART_DMAStop                         0x0800450b   Thumb Code    88  stm32f4xx_hal_uart.o(i.HAL_UART_DMAStop)
    HAL_UART_ErrorCallback                   0x08004563   Thumb Code    18  bsp_usart.o(i.HAL_UART_ErrorCallback)
    HAL_UART_IRQHandler                      0x08004575   Thumb Code   266  stm32f4xx_hal_uart.o(i.HAL_UART_IRQHandler)
    HAL_UART_Init                            0x08004685   Thumb Code    98  stm32f4xx_hal_uart.o(i.HAL_UART_Init)
    HAL_UART_MspInit                         0x080046e9   Thumb Code   730  usart.o(i.HAL_UART_MspInit)
    HAL_UART_Receive_DMA                     0x080049f9   Thumb Code   138  stm32f4xx_hal_uart.o(i.HAL_UART_Receive_DMA)
    HAL_UART_Receive_IT                      0x08004a91   Thumb Code    72  stm32f4xx_hal_uart.o(i.HAL_UART_Receive_IT)
    HAL_UART_RxCpltCallback                  0x08004ad9   Thumb Code    44  bsp_usart.o(i.HAL_UART_RxCpltCallback)
    HAL_UART_RxHalfCpltCallback              0x08004b11   Thumb Code     2  stm32f4xx_hal_uart.o(i.HAL_UART_RxHalfCpltCallback)
    HAL_UART_TxCpltCallback                  0x08004b13   Thumb Code     2  stm32f4xx_hal_uart.o(i.HAL_UART_TxCpltCallback)
    HardFault_Handler                        0x08004b15   Thumb Code     2  stm32f4xx_it.o(i.HardFault_Handler)
    IMU_Get_Data                             0x08004b19   Thumb Code   136  mpu6500.o(i.IMU_Get_Data)
    InfantryYawUpdate                        0x08004ba9   Thumb Code   480  imucal.o(i.InfantryYawUpdate)
    MPU6500_Read_Regs                        0x08004da9   Thumb Code    78  mpu6500.o(i.MPU6500_Read_Regs)
    MX_CAN1_Init                             0x08004e05   Thumb Code    60  can.o(i.MX_CAN1_Init)
    MX_CAN2_Init                             0x08004e49   Thumb Code    64  can.o(i.MX_CAN2_Init)
    MX_DMA_Init                              0x08004e91   Thumb Code   152  dma.o(i.MX_DMA_Init)
    MX_FREERTOS_Init                         0x08004f2d   Thumb Code   118  freertos.o(i.MX_FREERTOS_Init)
    MX_GPIO_Init                             0x08004fad   Thumb Code   388  gpio.o(i.MX_GPIO_Init)
    MX_RTC_Init                              0x08005151   Thumb Code   136  rtc.o(i.MX_RTC_Init)
    MX_SDIO_SD_Init                          0x080051e1   Thumb Code    56  sdio.o(i.MX_SDIO_SD_Init)
    MX_SPI5_Init                             0x08005221   Thumb Code    62  spi.o(i.MX_SPI5_Init)
    MX_TIM12_Init                            0x08005269   Thumb Code   100  tim.o(i.MX_TIM12_Init)
    MX_TIM1_Init                             0x080052d5   Thumb Code   202  tim.o(i.MX_TIM1_Init)
    MX_TIM2_Init                             0x080053a9   Thumb Code   156  tim.o(i.MX_TIM2_Init)
    MX_TIM3_Init                             0x08005449   Thumb Code   114  tim.o(i.MX_TIM3_Init)
    MX_TIM4_Init                             0x080054c5   Thumb Code   154  tim.o(i.MX_TIM4_Init)
    MX_TIM5_Init                             0x08005569   Thumb Code   154  tim.o(i.MX_TIM5_Init)
    MX_TIM8_Init                             0x0800560d   Thumb Code   202  tim.o(i.MX_TIM8_Init)
    MX_USART1_UART_Init                      0x080056e1   Thumb Code    50  usart.o(i.MX_USART1_UART_Init)
    MX_USART2_UART_Init                      0x08005721   Thumb Code    48  usart.o(i.MX_USART2_UART_Init)
    MX_USART3_UART_Init                      0x08005759   Thumb Code    48  usart.o(i.MX_USART3_UART_Init)
    MX_USART6_UART_Init                      0x08005791   Thumb Code    48  usart.o(i.MX_USART6_UART_Init)
    MecanumCalculate                         0x080057c9   Thumb Code   196  chassiscontrol.o(i.MecanumCalculate)
    MemManage_Handler                        0x08005895   Thumb Code     2  stm32f4xx_it.o(i.MemManage_Handler)
    NMI_Handler                              0x08005897   Thumb Code     2  stm32f4xx_it.o(i.NMI_Handler)
    PID_AbsoluteMode                         0x080058b9   Thumb Code   134  pid.o(i.PID_AbsoluteMode)
    PWMInit                                  0x08005941   Thumb Code    22  shootcontrol.o(i.PWMInit)
    PitchPID                                 0x08005961   Thumb Code   258  gimbalcontrol.o(i.PitchPID)
    PrintFunction                            0x08005a99   Thumb Code   294  writtingtask.o(i.PrintFunction)
    RTC_Bcd2ToByte                           0x08005cb5   Thumb Code    18  stm32f4xx_hal_rtc.o(i.RTC_Bcd2ToByte)
    RTC_ByteToBcd2                           0x08005cc7   Thumb Code    22  stm32f4xx_hal_rtc.o(i.RTC_ByteToBcd2)
    RTC_EnterInitMode                        0x08005cdd   Thumb Code    58  stm32f4xx_hal_rtc.o(i.RTC_EnterInitMode)
    SDIO_ConfigData                          0x08005d17   Thumb Code    36  stm32f4xx_ll_sdmmc.o(i.SDIO_ConfigData)
    SDIO_GetPowerState                       0x08005d3b   Thumb Code     8  stm32f4xx_ll_sdmmc.o(i.SDIO_GetPowerState)
    SDIO_GetResponse                         0x08005d43   Thumb Code    12  stm32f4xx_ll_sdmmc.o(i.SDIO_GetResponse)
    SDIO_IRQHandler                          0x08005d51   Thumb Code     6  stm32f4xx_it.o(i.SDIO_IRQHandler)
    SDIO_Init                                0x08005d5d   Thumb Code    36  stm32f4xx_ll_sdmmc.o(i.SDIO_Init)
    SDIO_PowerState_ON                       0x08005d81   Thumb Code     8  stm32f4xx_ll_sdmmc.o(i.SDIO_PowerState_ON)
    SDIO_ReadFIFO                            0x08005d89   Thumb Code     6  stm32f4xx_ll_sdmmc.o(i.SDIO_ReadFIFO)
    SDIO_SendCommand                         0x08005d8f   Thumb Code    32  stm32f4xx_ll_sdmmc.o(i.SDIO_SendCommand)
    SDIO_WriteFIFO                           0x08005daf   Thumb Code    10  stm32f4xx_ll_sdmmc.o(i.SDIO_WriteFIFO)
    SDMMC_CmdAppCommand                      0x08005db9   Thumb Code    50  stm32f4xx_ll_sdmmc.o(i.SDMMC_CmdAppCommand)
    SDMMC_CmdAppOperCommand                  0x08005ded   Thumb Code    48  stm32f4xx_ll_sdmmc.o(i.SDMMC_CmdAppOperCommand)
    SDMMC_CmdBlockLength                     0x08005e21   Thumb Code    50  stm32f4xx_ll_sdmmc.o(i.SDMMC_CmdBlockLength)
    SDMMC_CmdBusWidth                        0x08005e53   Thumb Code    50  stm32f4xx_ll_sdmmc.o(i.SDMMC_CmdBusWidth)
    SDMMC_CmdGoIdleState                     0x08005e85   Thumb Code    76  stm32f4xx_ll_sdmmc.o(i.SDMMC_CmdGoIdleState)
    SDMMC_CmdOperCond                        0x08005ed5   Thumb Code    98  stm32f4xx_ll_sdmmc.o(i.SDMMC_CmdOperCond)
    SDMMC_CmdSelDesel                        0x08005f3d   Thumb Code    50  stm32f4xx_ll_sdmmc.o(i.SDMMC_CmdSelDesel)
    SDMMC_CmdSendCID                         0x08005f6f   Thumb Code    44  stm32f4xx_ll_sdmmc.o(i.SDMMC_CmdSendCID)
    SDMMC_CmdSendCSD                         0x08005f9b   Thumb Code    44  stm32f4xx_ll_sdmmc.o(i.SDMMC_CmdSendCSD)
    SDMMC_CmdSendSCR                         0x08005fc7   Thumb Code    48  stm32f4xx_ll_sdmmc.o(i.SDMMC_CmdSendSCR)
    SDMMC_CmdSendStatus                      0x08005ff7   Thumb Code    50  stm32f4xx_ll_sdmmc.o(i.SDMMC_CmdSendStatus)
    SDMMC_CmdSetRelAdd                       0x08006029   Thumb Code    48  stm32f4xx_ll_sdmmc.o(i.SDMMC_CmdSetRelAdd)
    SDMMC_CmdStopTransfer                    0x08006059   Thumb Code    46  stm32f4xx_ll_sdmmc.o(i.SDMMC_CmdStopTransfer)
    ShootInit                                0x080066fd   Thumb Code    74  shootcontrol.o(i.ShootInit)
    SplitStr                                 0x08006761   Thumb Code    80  stmgood.o(i.SplitStr)
    StartDefaultTask                         0x080067b1   Thumb Code     8  freertos.o(i.StartDefaultTask)
    StartTask02                              0x080067b9   Thumb Code   106  writtingtask.o(i.StartTask02)
    StartTask03                              0x08006831   Thumb Code    86  writtingtask.o(i.StartTask03)
    StartTask04                              0x08006895   Thumb Code    42  writtingtask.o(i.StartTask04)
    StartTask05                              0x080068c9   Thumb Code     8  freertos.o(i.StartTask05)
    StirMotorStart                           0x080068d1   Thumb Code    54  shootcontrol.o(i.StirMotorStart)
    StirPID                                  0x08006919   Thumb Code   334  shootcontrol.o(i.StirPID)
    StrToFloat                               0x08006aad   Thumb Code   282  stmgood.o(i.StrToFloat)
    Strlen                                   0x08006be1   Thumb Code    16  stmgood.o(i.Strlen)
    SubStr                                   0x08006bf1   Thumb Code    34  stmgood.o(i.SubStr)
    Switchshoot                              0x08006c19   Thumb Code   104  shootcontrol.o(i.Switchshoot)
    SysTick_Handler                          0x08006c8d   Thumb Code    38  port.o(i.SysTick_Handler)
    SystemClock_Config                       0x08006cb9   Thumb Code   156  main.o(i.SystemClock_Config)
    SystemInit                               0x08006d5d   Thumb Code    66  system_stm32f4xx.o(i.SystemInit)
    TIM6_DAC_IRQHandler                      0x08006db1   Thumb Code     6  stm32f4xx_it.o(i.TIM6_DAC_IRQHandler)
    TIM_Base_SetConfig                       0x08006dbd   Thumb Code   148  stm32f4xx_hal_tim.o(i.TIM_Base_SetConfig)
    TIM_CCxChannelCmd                        0x08006e7d   Thumb Code    22  stm32f4xx_hal_tim.o(i.TIM_CCxChannelCmd)
    TIM_OC2_SetConfig                        0x08006eed   Thumb Code    90  stm32f4xx_hal_tim.o(i.TIM_OC2_SetConfig)
    Temp_keep                                0x08007001   Thumb Code    52  imucal.o(i.Temp_keep)
    Turn_off_Fric                            0x08007041   Thumb Code    14  shootcontrol.o(i.Turn_off_Fric)
    Turn_on_Fric                             0x08007059   Thumb Code    10  shootcontrol.o(i.Turn_on_Fric)
    USART1_Enable                            0x080074d9   Thumb Code    60  bsp_usart.o(i.USART1_Enable)
    USART1_IDLE_IRQ                          0x08007521   Thumb Code    42  bsp_usart.o(i.USART1_IDLE_IRQ)
    USART1_IRQHandler                        0x08007555   Thumb Code     4  stm32f4xx_it.o(i.USART1_IRQHandler)
    USART2_Enable                            0x08007559   Thumb Code    26  bsp_usart.o(i.USART2_Enable)
    USART2_IRQHandler                        0x0800757d   Thumb Code     6  stm32f4xx_it.o(i.USART2_IRQHandler)
    USART3_Enable                            0x08007589   Thumb Code    26  bsp_usart.o(i.USART3_Enable)
    USART6_IRQHandler                        0x080075ad   Thumb Code     6  stm32f4xx_it.o(i.USART6_IRQHandler)
    UsageFault_Handler                       0x080075b9   Thumb Code     2  stm32f4xx_it.o(i.UsageFault_Handler)
    YawPID                                   0x080075bd   Thumb Code   276  gimbalcontrol.o(i.YawPID)
    __0printf                                0x08007711   Thumb Code    22  printfa.o(i.__0printf)
    __1printf                                0x08007711   Thumb Code     0  printfa.o(i.__0printf)
    __2printf                                0x08007711   Thumb Code     0  printfa.o(i.__0printf)
    __c89printf                              0x08007711   Thumb Code     0  printfa.o(i.__0printf)
    printf                                   0x08007711   Thumb Code     0  printfa.o(i.__0printf)
    __ARM_fpclassify                         0x08007731   Thumb Code    48  fpclassify.o(i.__ARM_fpclassify)
    __ARM_fpclassifyf                        0x08007761   Thumb Code    38  fpclassifyf.o(i.__ARM_fpclassifyf)
    __hardfp_asin                            0x08007789   Thumb Code   770  asin.o(i.__hardfp_asin)
    __hardfp_atan                            0x08007ae9   Thumb Code   622  atan.o(i.__hardfp_atan)
    __hardfp_atan2                           0x08007dc1   Thumb Code   432  atan2.o(i.__hardfp_atan2)
    __hardfp_cosf                            0x08007fb1   Thumb Code   280  cosf.o(i.__hardfp_cosf)
    __hardfp_sinf                            0x08008101   Thumb Code   344  sinf.o(i.__hardfp_sinf)
    __kernel_poly                            0x08008291   Thumb Code   248  poly.o(i.__kernel_poly)
    __mathlib_dbl_infnan                     0x08008389   Thumb Code    20  dunder.o(i.__mathlib_dbl_infnan)
    __mathlib_dbl_infnan2                    0x0800839d   Thumb Code    20  dunder.o(i.__mathlib_dbl_infnan2)
    __mathlib_dbl_invalid                    0x080083b1   Thumb Code    24  dunder.o(i.__mathlib_dbl_invalid)
    __mathlib_dbl_underflow                  0x080083d1   Thumb Code    24  dunder.o(i.__mathlib_dbl_underflow)
    __mathlib_flt_infnan                     0x080083f1   Thumb Code     6  funder.o(i.__mathlib_flt_infnan)
    __mathlib_flt_invalid                    0x080083f9   Thumb Code    10  funder.o(i.__mathlib_flt_invalid)
    __mathlib_flt_underflow                  0x08008409   Thumb Code    10  funder.o(i.__mathlib_flt_underflow)
    __mathlib_rredf2                         0x08008419   Thumb Code   316  rredf.o(i.__mathlib_rredf2)
    __scatterload_copy                       0x0800856d   Thumb Code    14  handlers.o(i.__scatterload_copy)
    __scatterload_null                       0x0800857b   Thumb Code     2  handlers.o(i.__scatterload_null)
    __scatterload_zeroinit                   0x0800857d   Thumb Code    14  handlers.o(i.__scatterload_zeroinit)
    __set_errno                              0x0800858d   Thumb Code     6  errno.o(i.__set_errno)
    atan                                     0x08008e4b   Thumb Code    16  atan.o(i.atan)
    cmd                                      0x08008e5d   Thumb Code   570  stmgood.o(i.cmd)
    fabs                                     0x08009129   Thumb Code    24  fabs.o(i.fabs)
    fputc                                    0x08009141   Thumb Code    18  bsp_usart.o(i.fputc)
    go1                                      0x08009159   Thumb Code     6  stmgood.o(i.go1)
    imu_AHRS_update                          0x08009169   Thumb Code   878  imucal.o(i.imu_AHRS_update)
    imu_cal_update                           0x080094f1   Thumb Code    22  imucal.o(i.imu_cal_update)
    invSqrt                                  0x08009509   Thumb Code    40  imucal.o(i.invSqrt)
    main                                     0x08009535   Thumb Code   130  main.o(i.main)
    multi1                                   0x080095c5   Thumb Code    66  stmgood.o(i.multi1)
    multi2                                   0x0800962d   Thumb Code    66  stmgood.o(i.multi2)
    multi3                                   0x08009695   Thumb Code    50  stmgood.o(i.multi3)
    multi4                                   0x080096e5   Thumb Code    50  stmgood.o(i.multi4)
    osDelay                                  0x08009731   Thumb Code    14  cmsis_os.o(i.osDelay)
    osKernelStart                            0x0800973f   Thumb Code    10  cmsis_os.o(i.osKernelStart)
    osThreadCreate                           0x08009749   Thumb Code    46  cmsis_os.o(i.osThreadCreate)
    pvPortMalloc                             0x08009e89   Thumb Code   210  heap_4.o(i.pvPortMalloc)
    pvTaskIncrementMutexHeldCount            0x08009f61   Thumb Code    18  tasks.o(i.pvTaskIncrementMutexHeldCount)
    pxPortInitialiseStack                    0x08009f79   Thumb Code    40  port.o(i.pxPortInitialiseStack)
    ramp_cal                                 0x08009fa5   Thumb Code    50  ramp.o(i.ramp_cal)
    ramp_init                                0x08009fdd   Thumb Code    14  ramp.o(i.ramp_init)
    sqrt                                     0x08009ff1   Thumb Code   110  sqrt.o(i.sqrt)
    uxListRemove                             0x0800a05f   Thumb Code    36  list.o(i.uxListRemove)
    vApplicationStackOverflowHook            0x0800a083   Thumb Code     2  freertos.o(i.vApplicationStackOverflowHook)
    vListInitialise                          0x0800a085   Thumb Code    22  list.o(i.vListInitialise)
    vListInitialiseItem                      0x0800a09b   Thumb Code     6  list.o(i.vListInitialiseItem)
    vListInsert                              0x0800a0a1   Thumb Code    48  list.o(i.vListInsert)
    vListInsertEnd                           0x0800a0d1   Thumb Code    24  list.o(i.vListInsertEnd)
    vPortEnterCritical                       0x0800a0e9   Thumb Code    54  port.o(i.vPortEnterCritical)
    vPortExitCritical                        0x0800a129   Thumb Code    34  port.o(i.vPortExitCritical)
    vPortFree                                0x0800a151   Thumb Code    88  heap_4.o(i.vPortFree)
    vPortSetupTimerInterrupt                 0x0800a1ad   Thumb Code    26  port.o(i.vPortSetupTimerInterrupt)
    vPortValidateInterruptPriority           0x0800a1cd   Thumb Code    74  port.o(i.vPortValidateInterruptPriority)
    vQueueAddToRegistry                      0x0800a221   Thumb Code    34  queue.o(i.vQueueAddToRegistry)
    vQueueWaitForMessageRestricted           0x0800a249   Thumb Code    68  queue.o(i.vQueueWaitForMessageRestricted)
    vTaskDelay                               0x0800a28d   Thumb Code    66  tasks.o(i.vTaskDelay)
    vTaskMissedYield                         0x0800a2d9   Thumb Code     8  tasks.o(i.vTaskMissedYield)
    vTaskPlaceOnEventList                    0x0800a2e5   Thumb Code    44  tasks.o(i.vTaskPlaceOnEventList)
    vTaskPlaceOnEventListRestricted          0x0800a315   Thumb Code    52  tasks.o(i.vTaskPlaceOnEventListRestricted)
    vTaskPriorityInherit                     0x0800a34d   Thumb Code   124  tasks.o(i.vTaskPriorityInherit)
    vTaskSetTimeOutState                     0x0800a3d1   Thumb Code    30  tasks.o(i.vTaskSetTimeOutState)
    vTaskStartScheduler                      0x0800a3f5   Thumb Code    94  tasks.o(i.vTaskStartScheduler)
    vTaskSuspendAll                          0x0800a465   Thumb Code    10  tasks.o(i.vTaskSuspendAll)
    vTaskSwitchContext                       0x0800a475   Thumb Code   106  tasks.o(i.vTaskSwitchContext)
    xPortStartScheduler                      0x0800a4e9   Thumb Code   202  port.o(i.xPortStartScheduler)
    xQueueGenericCreate                      0x0800a5c9   Thumb Code    82  queue.o(i.xQueueGenericCreate)
    xQueueGenericReceive                     0x0800a61d   Thumb Code   360  queue.o(i.xQueueGenericReceive)
    xQueueGenericReset                       0x0800a789   Thumb Code   132  queue.o(i.xQueueGenericReset)
    xQueueGenericSend                        0x0800a811   Thumb Code   346  queue.o(i.xQueueGenericSend)
    xQueueGenericSendFromISR                 0x0800a971   Thumb Code   188  queue.o(i.xQueueGenericSendFromISR)
    xTaskCheckForTimeOut                     0x0800aa2d   Thumb Code   102  tasks.o(i.xTaskCheckForTimeOut)
    xTaskCreate                              0x0800aa99   Thumb Code    86  tasks.o(i.xTaskCreate)
    xTaskGetSchedulerState                   0x0800aaf1   Thumb Code    22  tasks.o(i.xTaskGetSchedulerState)
    xTaskGetTickCount                        0x0800ab0d   Thumb Code     6  tasks.o(i.xTaskGetTickCount)
    xTaskIncrementTick                       0x0800ab19   Thumb Code   192  tasks.o(i.xTaskIncrementTick)
    xTaskPriorityDisinherit                  0x0800abe1   Thumb Code   144  tasks.o(i.xTaskPriorityDisinherit)
    xTaskRemoveFromEventList                 0x0800ac79   Thumb Code   108  tasks.o(i.xTaskRemoveFromEventList)
    xTaskResumeAll                           0x0800aced   Thumb Code   182  tasks.o(i.xTaskResumeAll)
    xTimerCreateTimerTask                    0x0800adb1   Thumb Code    56  timers.o(i.xTimerCreateTimerTask)
    xTimerGenericCommand                     0x0800adf9   Thumb Code    92  timers.o(i.xTimerGenericCommand)
    xdelay_ms                                0x0800ae59   Thumb Code    24  delay.o(i.xdelay_ms)
    AHBPrescTable                            0x0800aed4   Data          16  system_stm32f4xx.o(.constdata)
    APBPrescTable                            0x0800aee4   Data           8  system_stm32f4xx.o(.constdata)
    __mathlib_zero                           0x0800afe0   Data           8  qnan.o(.constdata)
    Region$$Table$$Base                      0x0800b044   Number         0  anon$$obj.o(Region$$Table)
    Region$$Table$$Limit                     0x0800b064   Number         0  anon$$obj.o(Region$$Table)
    defaultTaskHandle                        0x20000004   Data           4  freertos.o(.data)
    myTask02Handle                           0x20000008   Data           4  freertos.o(.data)
    myTask03Handle                           0x2000000c   Data           4  freertos.o(.data)
    myTask04Handle                           0x20000010   Data           4  freertos.o(.data)
    myTask05Handle                           0x20000014   Data           4  freertos.o(.data)
    SystemCoreClock                          0x20000018   Data           4  system_stm32f4xx.o(.data)
    Gyroscope1                               0x20000024   Data           8  bsp_can.o(.data)
    Gyroscope2                               0x2000002c   Data           8  bsp_can.o(.data)
    q0                                       0x20000034   Data           4  imucal.o(.data)
    q1                                       0x20000038   Data           4  imucal.o(.data)
    q2                                       0x2000003c   Data           4  imucal.o(.data)
    q3                                       0x20000040   Data           4  imucal.o(.data)
    imu_init_ok                              0x20000044   Data           4  imucal.o(.data)
    Kp                                       0x20000048   Data           4  imucal.o(.data)
    Ki                                       0x2000004c   Data           4  imucal.o(.data)
    imu_pitch                                0x2000009c   Data           4  imucal.o(.data)
    imu_roll                                 0x200000a0   Data           4  imucal.o(.data)
    halfT                                    0x200000a4   Data           4  imucal.o(.data)
    YawMidPosi                               0x200000bc   Data           4  chassiscontrol.o(.data)
    ChassisWheelDebug                        0x200000c0   Data           4  chassiscontrol.o(.data)
    ChassisFollowDebug                       0x200000c4   Data           4  chassiscontrol.o(.data)
    ChassisMode                              0x200000c8   Data           4  chassiscontrol.o(.data)
    currentparam                             0x200000cc   Data           4  chassiscontrol.o(.data)
    ChassisAngle2                            0x200000d0   Data           4  chassiscontrol.o(.data)
    PitchDebug                               0x200000d4   Data           4  gimbalcontrol.o(.data)
    YawDebug                                 0x200000d8   Data           4  gimbalcontrol.o(.data)
    ShootFrequncy                            0x200000dc   Data           2  shootcontrol.o(.data)
    FrictionSpd                              0x200000e0   Data           4  shootcontrol.o(.data)
    StirMotorDebug                           0x200000e4   Data           4  shootcontrol.o(.data)
    StirMotorMode                            0x200000ec   Data           4  shootcontrol.o(.data)
    StirUpdateCounter                        0x200000f0   Data           4  shootcontrol.o(.data)
    initmark                                 0x200000f4   Data           4  writtingtask.o(.data)
    DBUScounter                              0x200000fc   Data           4  dbus.o(.data)
    ramp_x                                   0x20000100   Data          12  ramp.o(.data)
    ramp_y                                   0x2000010c   Data          12  ramp.o(.data)
    Count                                    0x20000118   Data           1  stmgood.o(.data)
    P                                        0x20000120   Data           8  stmgood.o(.data)
    I                                        0x20000128   Data           8  stmgood.o(.data)
    D                                        0x20000130   Data           8  stmgood.o(.data)
    V1                                       0x20000138   Data           8  stmgood.o(.data)
    p                                        0x20000140   Data           8  stmgood.o(.data)
    i                                        0x20000148   Data           8  stmgood.o(.data)
    d                                        0x20000150   Data           8  stmgood.o(.data)
    V2                                       0x20000158   Data           8  stmgood.o(.data)
    A                                        0x20000160   Data           8  stmgood.o(.data)
    B                                        0x20000168   Data           8  stmgood.o(.data)
    C                                        0x20000170   Data           8  stmgood.o(.data)
    a                                        0x20000178   Data           8  stmgood.o(.data)
    b                                        0x20000180   Data           8  stmgood.o(.data)
    c                                        0x20000188   Data           8  stmgood.o(.data)
    uwTickFreq                               0x20000190   Data           1  stm32f4xx_hal.o(.data)
    uwTickPrio                               0x20000194   Data           4  stm32f4xx_hal.o(.data)
    uwTick                                   0x20000198   Data           4  stm32f4xx_hal.o(.data)
    pxCurrentTCB                             0x2000019c   Data           4  tasks.o(.data)
    __stdout                                 0x20000210   Data           4  stdout.o(.data)
    hcan1                                    0x20000218   Data          40  can.o(.bss)
    hcan2                                    0x20000240   Data          40  can.o(.bss)
    hrtc                                     0x20000268   Data          32  rtc.o(.bss)
    hsd                                      0x20000288   Data         132  sdio.o(.bss)
    hspi5                                    0x2000030c   Data          88  spi.o(.bss)
    htim1                                    0x20000364   Data          60  tim.o(.bss)
    htim2                                    0x200003a0   Data          60  tim.o(.bss)
    htim3                                    0x200003dc   Data          60  tim.o(.bss)
    htim4                                    0x20000418   Data          60  tim.o(.bss)
    htim5                                    0x20000454   Data          60  tim.o(.bss)
    htim8                                    0x20000490   Data          60  tim.o(.bss)
    htim12                                   0x200004cc   Data          60  tim.o(.bss)
    huart1                                   0x20000508   Data          64  usart.o(.bss)
    huart2                                   0x20000548   Data          64  usart.o(.bss)
    huart3                                   0x20000588   Data          64  usart.o(.bss)
    huart6                                   0x200005c8   Data          64  usart.o(.bss)
    hdma_usart1_rx                           0x20000608   Data          96  usart.o(.bss)
    hdma_usart2_rx                           0x20000668   Data          96  usart.o(.bss)
    hdma_usart2_tx                           0x200006c8   Data          96  usart.o(.bss)
    hdma_usart3_rx                           0x20000728   Data          96  usart.o(.bss)
    hdma_usart3_tx                           0x20000788   Data          96  usart.o(.bss)
    hdma_usart6_rx                           0x200007e8   Data          96  usart.o(.bss)
    hdma_usart6_tx                           0x20000848   Data          96  usart.o(.bss)
    htim6                                    0x200008a8   Data          60  stm32f4xx_hal_timebase_tim.o(.bss)
    Usart3buff                               0x200008e4   Data         100  bsp_usart.o(.bss)
    Usart2buff                               0x20000948   Data         100  bsp_usart.o(.bss)
    imu_temp                                 0x200009ac   Data          44  imucal.o(.bss)
    imu_data                                 0x200009d8   Data          20  mpu6500.o(.bss)
    imu_data_forcal                          0x200009ec   Data          20  mpu6500.o(.bss)
    imu_data_offset                          0x20000a00   Data          20  mpu6500.o(.bss)
    Chassisdata                              0x20000a14   Data          64  chassiscontrol.o(.bss)
    Chassiswheelpid                          0x20000a54   Data         176  chassiscontrol.o(.bss)
    ChassisfollowInner                       0x20000b04   Data          44  chassiscontrol.o(.bss)
    ChassisfollowOutter                      0x20000b30   Data          44  chassiscontrol.o(.bss)
    GimbalData                               0x20000b5c   Data          72  gimbalcontrol.o(.bss)
    YawInner                                 0x20000ba4   Data          44  gimbalcontrol.o(.bss)
    YawOutter                                0x20000bd0   Data          44  gimbalcontrol.o(.bss)
    PitchInner                               0x20000bfc   Data          44  gimbalcontrol.o(.bss)
    PitchOutter                              0x20000c28   Data          44  gimbalcontrol.o(.bss)
    StirMotorOutterPID                       0x20000c58   Data          44  shootcontrol.o(.bss)
    StirMotorInnerPID                        0x20000c84   Data          44  shootcontrol.o(.bss)
    StirMotorData                            0x20000cb0   Data          48  shootcontrol.o(.bss)
    RC_Ctl                                   0x20000ce0   Data          20  dbus.o(.bss)
    Remotebuffer                             0x20000cf4   Data          18  dbus.o(.bss)
    Cmd1                                     0x20000d08   Data          20  stmgood.o(.bss)
    Cmd2                                     0x20000d1c   Data          80  stmgood.o(.bss)
    Data                                     0x20000d6c   Data         100  stmgood.o(.bss)
    Str1                                     0x20000dd0   Data         100  stmgood.o(.bss)
    xx                                       0x20000e38   Data         800  stmgood.o(.bss)
    KeyMousedata                             0x20001158   Data          12  keyboard.o(.bss)
    xQueueRegistry                           0x20001164   Data          64  queue.o(.bss)
    __initial_sp                             0x200052c0   Data           0  startup_stm32f427xx.o(STACK)



==============================================================================

Memory Map of the image

  Image Entry point : 0x080001ad

  Load Region LR_IROM1 (Base: 0x08000000, Size: 0x0000b27c, Max: 0x00200000, ABSOLUTE, COMPRESSED[0x0000b094])

    Execution Region ER_IROM1 (Base: 0x08000000, Size: 0x0000b064, Max: 0x00200000, ABSOLUTE)

    Base Addr    Size         Type   Attr      Idx    E Section Name        Object

    0x08000000   0x000001ac   Data   RO            3    RESET               startup_stm32f427xx.o
    0x080001ac   0x00000000   Code   RO         7188  * .ARM.Collect$$$$00000000  mc_w.l(entry.o)
    0x080001ac   0x00000004   Code   RO         7550    .ARM.Collect$$$$00000001  mc_w.l(entry2.o)
    0x080001b0   0x00000004   Code   RO         7553    .ARM.Collect$$$$00000004  mc_w.l(entry5.o)
    0x080001b4   0x00000000   Code   RO         7555    .ARM.Collect$$$$00000008  mc_w.l(entry7b.o)
    0x080001b4   0x00000000   Code   RO         7557    .ARM.Collect$$$$0000000A  mc_w.l(entry8b.o)
    0x080001b4   0x00000008   Code   RO         7558    .ARM.Collect$$$$0000000B  mc_w.l(entry9a.o)
    0x080001bc   0x00000000   Code   RO         7560    .ARM.Collect$$$$0000000D  mc_w.l(entry10a.o)
    0x080001bc   0x00000000   Code   RO         7562    .ARM.Collect$$$$0000000F  mc_w.l(entry11a.o)
    0x080001bc   0x00000004   Code   RO         7551    .ARM.Collect$$$$00002712  mc_w.l(entry2.o)
    0x080001c0   0x000000ba   Code   RO         7061    .emb_text           port.o
    0x0800027a   0x00000002   PAD
    0x0800027c   0x00000024   Code   RO            4    .text               startup_stm32f427xx.o
    0x080002a0   0x00000062   Code   RO         7191    .text               mc_w.l(uldiv.o)
    0x08000302   0x00000024   Code   RO         7193    .text               mc_w.l(memcpya.o)
    0x08000326   0x00000024   Code   RO         7195    .text               mc_w.l(memseta.o)
    0x0800034a   0x0000014e   Code   RO         7460    .text               mf_w.l(dadd.o)
    0x08000498   0x000000e4   Code   RO         7462    .text               mf_w.l(dmul.o)
    0x0800057c   0x0000002c   Code   RO         7466    .text               mf_w.l(ffltl.o)
    0x080005a8   0x00000022   Code   RO         7468    .text               mf_w.l(dflti.o)
    0x080005ca   0x00000028   Code   RO         7470    .text               mf_w.l(dfltl.o)
    0x080005f2   0x0000003e   Code   RO         7472    .text               mf_w.l(dfixi.o)
    0x08000630   0x0000004a   Code   RO         7474    .text               mf_w.l(dfixl.o)
    0x0800067a   0x00000026   Code   RO         7476    .text               mf_w.l(f2d.o)
    0x080006a0   0x00000038   Code   RO         7478    .text               mf_w.l(d2f.o)
    0x080006d8   0x0000002c   Code   RO         7565    .text               mc_w.l(uidiv.o)
    0x08000704   0x0000001e   Code   RO         7567    .text               mc_w.l(llshl.o)
    0x08000722   0x00000020   Code   RO         7569    .text               mc_w.l(llushr.o)
    0x08000742   0x00000024   Code   RO         7571    .text               mc_w.l(llsshr.o)
    0x08000766   0x00000000   Code   RO         7580    .text               mc_w.l(iusefp.o)
    0x08000766   0x0000006e   Code   RO         7581    .text               mf_w.l(fepilogue.o)
    0x080007d4   0x000000ba   Code   RO         7583    .text               mf_w.l(depilogue.o)
    0x0800088e   0x000000de   Code   RO         7585    .text               mf_w.l(ddiv.o)
    0x0800096c   0x00000030   Code   RO         7587    .text               mf_w.l(dfixul.o)
    0x0800099c   0x00000030   Code   RO         7589    .text               mf_w.l(cdrcmple.o)
    0x080009cc   0x00000024   Code   RO         7591    .text               mc_w.l(init.o)
    0x080009f0   0x000000a2   Code   RO         7593    .text               mf_w.l(dsqrt.o)
    0x08000a92   0x00000056   Code   RO         7605    .text               mc_w.l(__dczerorl2.o)
    0x08000ae8   0x00000002   Code   RO          722    i.BusFault_Handler  stm32f4xx_it.o
    0x08000aea   0x00000002   PAD
    0x08000aec   0x0000000c   Code   RO          723    i.CAN1_RX0_IRQHandler  stm32f4xx_it.o
    0x08000af8   0x0000000c   Code   RO          724    i.CAN1_TX_IRQHandler  stm32f4xx_it.o
    0x08000b04   0x0000000c   Code   RO          725    i.CAN2_RX0_IRQHandler  stm32f4xx_it.o
    0x08000b10   0x0000000c   Code   RO          726    i.CAN2_TX_IRQHandler  stm32f4xx_it.o
    0x08000b1c   0x00000068   Code   RO          981    i.CANFilterStart    bsp_can.o
    0x08000b84   0x00000038   Code   RO          982    i.CAN_Enable        bsp_can.o
    0x08000bbc   0x00000050   Code   RO          983    i.Can1_SendMsg      bsp_can.o
    0x08000c0c   0x00000050   Code   RO          984    i.Can2_SendMsg      bsp_can.o
    0x08000c5c   0x00000090   Code   RO         1325    i.ChassisInit       chassiscontrol.o
    0x08000cec   0x000001bc   Code   RO         1326    i.ChassisPid        chassiscontrol.o
    0x08000ea8   0x00000108   Code   RO         1327    i.Chassisfollow     chassiscontrol.o
    0x08000fb0   0x0000001c   Code   RO         1328    i.ChooseChassisMode  chassiscontrol.o
    0x08000fcc   0x00000018   Code   RO         1469    i.ChooseStirMotorMode  shootcontrol.o
    0x08000fe4   0x00000218   Code   RO         1733    i.Command           stmgood.o
    0x080011fc   0x00000030   Code   RO         1734    i.CompStr           stmgood.o
    0x0800122c   0x00000016   Code   RO         1735    i.CopyStr           stmgood.o
    0x08001242   0x00000002   PAD
    0x08001244   0x0000000c   Code   RO          727    i.DMA1_Stream1_IRQHandler  stm32f4xx_it.o
    0x08001250   0x0000000c   Code   RO          728    i.DMA1_Stream3_IRQHandler  stm32f4xx_it.o
    0x0800125c   0x0000000c   Code   RO          729    i.DMA1_Stream5_IRQHandler  stm32f4xx_it.o
    0x08001268   0x0000000c   Code   RO          730    i.DMA1_Stream6_IRQHandler  stm32f4xx_it.o
    0x08001274   0x0000000c   Code   RO          731    i.DMA2_Stream1_IRQHandler  stm32f4xx_it.o
    0x08001280   0x00000014   Code   RO          732    i.DMA2_Stream2_IRQHandler  stm32f4xx_it.o
    0x08001294   0x0000000c   Code   RO          733    i.DMA2_Stream6_IRQHandler  stm32f4xx_it.o
    0x080012a0   0x00000028   Code   RO         5264    i.DMA_CalcBaseAndBitshift  stm32f4xx_hal_dma.o
    0x080012c8   0x00000054   Code   RO         5265    i.DMA_CheckFifoParam  stm32f4xx_hal_dma.o
    0x0800131c   0x00000028   Code   RO         5266    i.DMA_SetConfig     stm32f4xx_hal_dma.o
    0x08001344   0x00000094   Code   RO         1400    i.DealGimbalPosition  gimbalcontrol.o
    0x080013d8   0x000000e8   Code   RO         2112    i.DealKeyMousedata  keyboard.o
    0x080014c0   0x0000018c   Code   RO         1329    i.DealRemotedata    chassiscontrol.o
    0x0800164c   0x00000068   Code   RO         1470    i.DealStirMotorPosition  shootcontrol.o
    0x080016b4   0x00000088   Code   RO         1736    i.DealStr           stmgood.o
    0x0800173c   0x00000090   Code   RO         1737    i.Dealdata          stmgood.o
    0x080017cc   0x00000002   Code   RO          734    i.DebugMon_Handler  stm32f4xx_it.o
    0x080017ce   0x00000002   Code   RO           13    i.Error_Handler     main.o
    0x080017d0   0x00000018   Code   RO         1738    i.FirstSpace        stmgood.o
    0x080017e8   0x000000dc   Code   RO         1665    i.GetDBUS           dbus.o
    0x080018c4   0x000000d0   Code   RO         1401    i.GetGimbalTarget   gimbalcontrol.o
    0x08001994   0x00000050   Code   RO         1402    i.GimbalCalibration  gimbalcontrol.o
    0x080019e4   0x000000b4   Code   RO         1403    i.GimbalInit        gimbalcontrol.o
    0x08001a98   0x00000028   Code   RO         2143    i.HAL_CAN_ActivateNotification  stm32f4xx_hal_can.o
    0x08001ac0   0x000000c8   Code   RO         2144    i.HAL_CAN_AddTxMessage  stm32f4xx_hal_can.o
    0x08001b88   0x0000010c   Code   RO         2145    i.HAL_CAN_ConfigFilter  stm32f4xx_hal_can.o
    0x08001c94   0x00000002   Code   RO         2148    i.HAL_CAN_ErrorCallback  stm32f4xx_hal_can.o
    0x08001c96   0x000000fa   Code   RO         2151    i.HAL_CAN_GetRxMessage  stm32f4xx_hal_can.o
    0x08001d90   0x000001fc   Code   RO         2155    i.HAL_CAN_IRQHandler  stm32f4xx_hal_can.o
    0x08001f8c   0x0000011a   Code   RO         2156    i.HAL_CAN_Init      stm32f4xx_hal_can.o
    0x080020a6   0x00000002   PAD
    0x080020a8   0x0000011c   Code   RO          297    i.HAL_CAN_MspInit   can.o
    0x080021c4   0x00000002   Code   RO         2163    i.HAL_CAN_RxFifo0FullCallback  stm32f4xx_hal_can.o
    0x080021c6   0x00000002   PAD
    0x080021c8   0x000001c0   Code   RO          985    i.HAL_CAN_RxFifo0MsgPendingCallback  bsp_can.o
    0x08002388   0x00000002   Code   RO         2165    i.HAL_CAN_RxFifo1FullCallback  stm32f4xx_hal_can.o
    0x0800238a   0x00000002   Code   RO         2166    i.HAL_CAN_RxFifo1MsgPendingCallback  stm32f4xx_hal_can.o
    0x0800238c   0x00000002   Code   RO         2167    i.HAL_CAN_SleepCallback  stm32f4xx_hal_can.o
    0x0800238e   0x00000002   PAD
    0x08002390   0x00000058   Code   RO         2168    i.HAL_CAN_Start     stm32f4xx_hal_can.o
    0x080023e8   0x00000002   Code   RO         2170    i.HAL_CAN_TxMailbox0AbortCallback  stm32f4xx_hal_can.o
    0x080023ea   0x00000002   Code   RO         2171    i.HAL_CAN_TxMailbox0CompleteCallback  stm32f4xx_hal_can.o
    0x080023ec   0x00000002   Code   RO         2172    i.HAL_CAN_TxMailbox1AbortCallback  stm32f4xx_hal_can.o
    0x080023ee   0x00000002   Code   RO         2173    i.HAL_CAN_TxMailbox1CompleteCallback  stm32f4xx_hal_can.o
    0x080023f0   0x00000002   Code   RO         2174    i.HAL_CAN_TxMailbox2AbortCallback  stm32f4xx_hal_can.o
    0x080023f2   0x00000002   Code   RO         2175    i.HAL_CAN_TxMailbox2CompleteCallback  stm32f4xx_hal_can.o
    0x080023f4   0x00000002   Code   RO         2177    i.HAL_CAN_WakeUpFromRxMsgCallback  stm32f4xx_hal_can.o
    0x080023f6   0x0000008e   Code   RO         5267    i.HAL_DMA_Abort     stm32f4xx_hal_dma.o
    0x08002484   0x00000024   Code   RO         5268    i.HAL_DMA_Abort_IT  stm32f4xx_hal_dma.o
    0x080024a8   0x000001a0   Code   RO         5272    i.HAL_DMA_IRQHandler  stm32f4xx_hal_dma.o
    0x08002648   0x000000d4   Code   RO         5273    i.HAL_DMA_Init      stm32f4xx_hal_dma.o
    0x0800271c   0x00000046   Code   RO         5276    i.HAL_DMA_Start     stm32f4xx_hal_dma.o
    0x08002762   0x00000078   Code   RO         5277    i.HAL_DMA_Start_IT  stm32f4xx_hal_dma.o
    0x080027da   0x00000002   PAD
    0x080027dc   0x00000024   Code   RO         5704    i.HAL_Delay         stm32f4xx_hal.o
    0x08002800   0x000001cc   Code   RO         5160    i.HAL_GPIO_Init     stm32f4xx_hal_gpio.o
    0x080029cc   0x00000008   Code   RO         5163    i.HAL_GPIO_TogglePin  stm32f4xx_hal_gpio.o
    0x080029d4   0x0000000a   Code   RO         5164    i.HAL_GPIO_WritePin  stm32f4xx_hal_gpio.o
    0x080029de   0x00000002   PAD
    0x080029e0   0x0000000c   Code   RO         5712    i.HAL_GetTick       stm32f4xx_hal.o
    0x080029ec   0x00000010   Code   RO         5716    i.HAL_IncTick       stm32f4xx_hal.o
    0x080029fc   0x00000034   Code   RO         5717    i.HAL_Init          stm32f4xx_hal.o
    0x08002a30   0x00000074   Code   RO          904    i.HAL_InitTick      stm32f4xx_hal_timebase_tim.o
    0x08002aa4   0x00000038   Code   RO          880    i.HAL_MspInit       stm32f4xx_hal_msp.o
    0x08002adc   0x00000016   Code   RO         5567    i.HAL_NVIC_EnableIRQ  stm32f4xx_hal_cortex.o
    0x08002af2   0x00000002   PAD
    0x08002af4   0x00000040   Code   RO         5573    i.HAL_NVIC_SetPriority  stm32f4xx_hal_cortex.o
    0x08002b34   0x00000024   Code   RO         5574    i.HAL_NVIC_SetPriorityGrouping  stm32f4xx_hal_cortex.o
    0x08002b58   0x00000070   Code   RO         5496    i.HAL_PWREx_EnableOverDrive  stm32f4xx_hal_pwr_ex.o
    0x08002bc8   0x00000234   Code   RO         4861    i.HAL_RCCEx_PeriphCLKConfig  stm32f4xx_hal_rcc_ex.o
    0x08002dfc   0x00000130   Code   RO         4754    i.HAL_RCC_ClockConfig  stm32f4xx_hal_rcc.o
    0x08002f2c   0x00000040   Code   RO         4758    i.HAL_RCC_GetClockConfig  stm32f4xx_hal_rcc.o
    0x08002f6c   0x00000020   Code   RO         4761    i.HAL_RCC_GetPCLK1Freq  stm32f4xx_hal_rcc.o
    0x08002f8c   0x00000020   Code   RO         4762    i.HAL_RCC_GetPCLK2Freq  stm32f4xx_hal_rcc.o
    0x08002fac   0x00000064   Code   RO         4763    i.HAL_RCC_GetSysClockFreq  stm32f4xx_hal_rcc.o
    0x08003010   0x0000031c   Code   RO         4766    i.HAL_RCC_OscConfig  stm32f4xx_hal_rcc.o
    0x0800332c   0x000000c2   Code   RO         2540    i.HAL_RTCEx_SetWakeUpTimer  stm32f4xx_hal_rtc_ex.o
    0x080033ee   0x00000002   PAD
    0x080033f0   0x000000ac   Code   RO         2384    i.HAL_RTC_Init      stm32f4xx_hal_rtc.o
    0x0800349c   0x00000018   Code   RO          453    i.HAL_RTC_MspInit   rtc.o
    0x080034b4   0x000000c8   Code   RO         2390    i.HAL_RTC_SetDate   stm32f4xx_hal_rtc.o
    0x0800357c   0x000000f0   Code   RO         2391    i.HAL_RTC_SetTime   stm32f4xx_hal_rtc.o
    0x0800366c   0x00000036   Code   RO         2392    i.HAL_RTC_WaitForSynchro  stm32f4xx_hal_rtc.o
    0x080036a2   0x00000002   Code   RO         3006    i.HAL_SD_AbortCallback  stm32f4xx_hal_sd.o
    0x080036a4   0x00000078   Code   RO         3008    i.HAL_SD_ConfigWideBusOperation  stm32f4xx_hal_sd.o
    0x0800371c   0x00000002   Code   RO         3011    i.HAL_SD_ErrorCallback  stm32f4xx_hal_sd.o
    0x0800371e   0x000001da   Code   RO         3013    i.HAL_SD_GetCardCSD  stm32f4xx_hal_sd.o
    0x080038f8   0x0000002c   Code   RO         3015    i.HAL_SD_GetCardState  stm32f4xx_hal_sd.o
    0x08003924   0x000001c0   Code   RO         3019    i.HAL_SD_IRQHandler  stm32f4xx_hal_sd.o
    0x08003ae4   0x00000036   Code   RO         3020    i.HAL_SD_Init       stm32f4xx_hal_sd.o
    0x08003b1a   0x00000002   PAD
    0x08003b1c   0x00000054   Code   RO         3021    i.HAL_SD_InitCard   stm32f4xx_hal_sd.o
    0x08003b70   0x000000a4   Code   RO          495    i.HAL_SD_MspInit    sdio.o
    0x08003c14   0x00000002   Code   RO         3027    i.HAL_SD_RxCpltCallback  stm32f4xx_hal_sd.o
    0x08003c16   0x00000002   Code   RO         3028    i.HAL_SD_TxCpltCallback  stm32f4xx_hal_sd.o
    0x08003c18   0x00000080   Code   RO         3251    i.HAL_SPI_Init      stm32f4xx_hal_spi.o
    0x08003c98   0x0000006c   Code   RO          537    i.HAL_SPI_MspInit   spi.o
    0x08003d04   0x000001d8   Code   RO         3260    i.HAL_SPI_TransmitReceive  stm32f4xx_hal_spi.o
    0x08003edc   0x00000002   Code   RO         4188    i.HAL_TIMEx_BreakCallback  stm32f4xx_hal_tim_ex.o
    0x08003ede   0x00000002   Code   RO         4189    i.HAL_TIMEx_CommutationCallback  stm32f4xx_hal_tim_ex.o
    0x08003ee0   0x0000005a   Code   RO         4190    i.HAL_TIMEx_ConfigBreakDeadTime  stm32f4xx_hal_tim_ex.o
    0x08003f3a   0x00000050   Code   RO         4205    i.HAL_TIMEx_MasterConfigSynchronization  stm32f4xx_hal_tim_ex.o
    0x08003f8a   0x00000036   Code   RO         3559    i.HAL_TIM_Base_Init  stm32f4xx_hal_tim.o
    0x08003fc0   0x00000002   Code   RO         3561    i.HAL_TIM_Base_MspInit  stm32f4xx_hal_tim.o
    0x08003fc2   0x00000018   Code   RO         3564    i.HAL_TIM_Base_Start_IT  stm32f4xx_hal_tim.o
    0x08003fda   0x00000002   Code   RO         3588    i.HAL_TIM_IC_CaptureCallback  stm32f4xx_hal_tim.o
    0x08003fdc   0x00000166   Code   RO         3601    i.HAL_TIM_IRQHandler  stm32f4xx_hal_tim.o
    0x08004142   0x00000002   PAD
    0x08004144   0x000001b0   Code   RO          578    i.HAL_TIM_MspPostInit  tim.o
    0x080042f4   0x00000002   Code   RO         3604    i.HAL_TIM_OC_DelayElapsedCallback  stm32f4xx_hal_tim.o
    0x080042f6   0x000000d0   Code   RO         3625    i.HAL_TIM_PWM_ConfigChannel  stm32f4xx_hal_tim.o
    0x080043c6   0x00000036   Code   RO         3628    i.HAL_TIM_PWM_Init  stm32f4xx_hal_tim.o
    0x080043fc   0x000000bc   Code   RO          580    i.HAL_TIM_PWM_MspInit  tim.o
    0x080044b8   0x00000002   Code   RO         3631    i.HAL_TIM_PWM_PulseFinishedCallback  stm32f4xx_hal_tim.o
    0x080044ba   0x00000002   PAD
    0x080044bc   0x00000038   Code   RO         3632    i.HAL_TIM_PWM_Start  stm32f4xx_hal_tim.o
    0x080044f4   0x00000014   Code   RO           14    i.HAL_TIM_PeriodElapsedCallback  main.o
    0x08004508   0x00000002   Code   RO         3642    i.HAL_TIM_TriggerCallback  stm32f4xx_hal_tim.o
    0x0800450a   0x00000058   Code   RO         4446    i.HAL_UART_DMAStop  stm32f4xx_hal_uart.o
    0x08004562   0x00000012   Code   RO         1063    i.HAL_UART_ErrorCallback  bsp_usart.o
    0x08004574   0x00000110   Code   RO         4451    i.HAL_UART_IRQHandler  stm32f4xx_hal_uart.o
    0x08004684   0x00000062   Code   RO         4452    i.HAL_UART_Init     stm32f4xx_hal_uart.o
    0x080046e6   0x00000002   PAD
    0x080046e8   0x00000310   Code   RO          663    i.HAL_UART_MspInit  usart.o
    0x080049f8   0x00000098   Code   RO         4456    i.HAL_UART_Receive_DMA  stm32f4xx_hal_uart.o
    0x08004a90   0x00000048   Code   RO         4457    i.HAL_UART_Receive_IT  stm32f4xx_hal_uart.o
    0x08004ad8   0x00000038   Code   RO         1064    i.HAL_UART_RxCpltCallback  bsp_usart.o
    0x08004b10   0x00000002   Code   RO         4459    i.HAL_UART_RxHalfCpltCallback  stm32f4xx_hal_uart.o
    0x08004b12   0x00000002   Code   RO         4463    i.HAL_UART_TxCpltCallback  stm32f4xx_hal_uart.o
    0x08004b14   0x00000002   Code   RO          735    i.HardFault_Handler  stm32f4xx_it.o
    0x08004b16   0x00000002   PAD
    0x08004b18   0x00000090   Code   RO         1223    i.IMU_Get_Data      mpu6500.o
    0x08004ba8   0x00000200   Code   RO         1146    i.InfantryYawUpdate  imucal.o
    0x08004da8   0x0000005c   Code   RO         1229    i.MPU6500_Read_Regs  mpu6500.o
    0x08004e04   0x00000044   Code   RO          298    i.MX_CAN1_Init      can.o
    0x08004e48   0x00000048   Code   RO          299    i.MX_CAN2_Init      can.o
    0x08004e90   0x0000009c   Code   RO          345    i.MX_DMA_Init       dma.o
    0x08004f2c   0x00000080   Code   RO          369    i.MX_FREERTOS_Init  freertos.o
    0x08004fac   0x000001a4   Code   RO          272    i.MX_GPIO_Init      gpio.o
    0x08005150   0x00000090   Code   RO          454    i.MX_RTC_Init       rtc.o
    0x080051e0   0x00000040   Code   RO          496    i.MX_SDIO_SD_Init   sdio.o
    0x08005220   0x00000048   Code   RO          538    i.MX_SPI5_Init      spi.o
    0x08005268   0x0000006c   Code   RO          581    i.MX_TIM12_Init     tim.o
    0x080052d4   0x000000d4   Code   RO          582    i.MX_TIM1_Init      tim.o
    0x080053a8   0x000000a0   Code   RO          583    i.MX_TIM2_Init      tim.o
    0x08005448   0x0000007c   Code   RO          584    i.MX_TIM3_Init      tim.o
    0x080054c4   0x000000a4   Code   RO          585    i.MX_TIM4_Init      tim.o
    0x08005568   0x000000a4   Code   RO          586    i.MX_TIM5_Init      tim.o
    0x0800560c   0x000000d4   Code   RO          587    i.MX_TIM8_Init      tim.o
    0x080056e0   0x00000040   Code   RO          664    i.MX_USART1_UART_Init  usart.o
    0x08005720   0x00000038   Code   RO          665    i.MX_USART2_UART_Init  usart.o
    0x08005758   0x00000038   Code   RO          666    i.MX_USART3_UART_Init  usart.o
    0x08005790   0x00000038   Code   RO          667    i.MX_USART6_UART_Init  usart.o
    0x080057c8   0x000000cc   Code   RO         1330    i.MecanumCalculate  chassiscontrol.o
    0x08005894   0x00000002   Code   RO          736    i.MemManage_Handler  stm32f4xx_it.o
    0x08005896   0x00000002   Code   RO          737    i.NMI_Handler       stm32f4xx_it.o
    0x08005898   0x00000020   Code   RO         5580    i.NVIC_SetPriority  stm32f4xx_hal_cortex.o
    0x080058b8   0x00000086   Code   RO         1644    i.PID_AbsoluteMode  pid.o
    0x0800593e   0x00000002   PAD
    0x08005940   0x00000020   Code   RO         1471    i.PWMInit           shootcontrol.o
    0x08005960   0x00000138   Code   RO         1404    i.PitchPID          gimbalcontrol.o
    0x08005a98   0x0000021c   Code   RO         1552    i.PrintFunction     writtingtask.o
    0x08005cb4   0x00000012   Code   RO         2393    i.RTC_Bcd2ToByte    stm32f4xx_hal_rtc.o
    0x08005cc6   0x00000016   Code   RO         2394    i.RTC_ByteToBcd2    stm32f4xx_hal_rtc.o
    0x08005cdc   0x0000003a   Code   RO         2395    i.RTC_EnterInitMode  stm32f4xx_hal_rtc.o
    0x08005d16   0x00000024   Code   RO         2741    i.SDIO_ConfigData   stm32f4xx_ll_sdmmc.o
    0x08005d3a   0x00000008   Code   RO         2745    i.SDIO_GetPowerState  stm32f4xx_ll_sdmmc.o
    0x08005d42   0x0000000c   Code   RO         2746    i.SDIO_GetResponse  stm32f4xx_ll_sdmmc.o
    0x08005d4e   0x00000002   PAD
    0x08005d50   0x0000000c   Code   RO          738    i.SDIO_IRQHandler   stm32f4xx_it.o
    0x08005d5c   0x00000024   Code   RO         2747    i.SDIO_Init         stm32f4xx_ll_sdmmc.o
    0x08005d80   0x00000008   Code   RO         2749    i.SDIO_PowerState_ON  stm32f4xx_ll_sdmmc.o
    0x08005d88   0x00000006   Code   RO         2750    i.SDIO_ReadFIFO     stm32f4xx_ll_sdmmc.o
    0x08005d8e   0x00000020   Code   RO         2751    i.SDIO_SendCommand  stm32f4xx_ll_sdmmc.o
    0x08005dae   0x0000000a   Code   RO         2753    i.SDIO_WriteFIFO    stm32f4xx_ll_sdmmc.o
    0x08005db8   0x00000032   Code   RO         2754    i.SDMMC_CmdAppCommand  stm32f4xx_ll_sdmmc.o
    0x08005dea   0x00000002   PAD
    0x08005dec   0x00000034   Code   RO         2755    i.SDMMC_CmdAppOperCommand  stm32f4xx_ll_sdmmc.o
    0x08005e20   0x00000032   Code   RO         2756    i.SDMMC_CmdBlockLength  stm32f4xx_ll_sdmmc.o
    0x08005e52   0x00000032   Code   RO         2757    i.SDMMC_CmdBusWidth  stm32f4xx_ll_sdmmc.o
    0x08005e84   0x00000050   Code   RO         2761    i.SDMMC_CmdGoIdleState  stm32f4xx_ll_sdmmc.o
    0x08005ed4   0x00000068   Code   RO         2763    i.SDMMC_CmdOperCond  stm32f4xx_ll_sdmmc.o
    0x08005f3c   0x00000032   Code   RO         2768    i.SDMMC_CmdSelDesel  stm32f4xx_ll_sdmmc.o
    0x08005f6e   0x0000002c   Code   RO         2769    i.SDMMC_CmdSendCID  stm32f4xx_ll_sdmmc.o
    0x08005f9a   0x0000002c   Code   RO         2770    i.SDMMC_CmdSendCSD  stm32f4xx_ll_sdmmc.o
    0x08005fc6   0x00000030   Code   RO         2771    i.SDMMC_CmdSendSCR  stm32f4xx_ll_sdmmc.o
    0x08005ff6   0x00000032   Code   RO         2772    i.SDMMC_CmdSendStatus  stm32f4xx_ll_sdmmc.o
    0x08006028   0x00000030   Code   RO         2773    i.SDMMC_CmdSetRelAdd  stm32f4xx_ll_sdmmc.o
    0x08006058   0x00000034   Code   RO         2775    i.SDMMC_CmdStopTransfer  stm32f4xx_ll_sdmmc.o
    0x0800608c   0x0000011c   Code   RO         2779    i.SDMMC_GetCmdResp1  stm32f4xx_ll_sdmmc.o
    0x080061a8   0x00000050   Code   RO         2780    i.SDMMC_GetCmdResp2  stm32f4xx_ll_sdmmc.o
    0x080061f8   0x00000040   Code   RO         2781    i.SDMMC_GetCmdResp3  stm32f4xx_ll_sdmmc.o
    0x08006238   0x00000084   Code   RO         2782    i.SDMMC_GetCmdResp6  stm32f4xx_ll_sdmmc.o
    0x080062bc   0x00000048   Code   RO         3034    i.SD_DMARxAbort     stm32f4xx_hal_sd.o
    0x08006304   0x00000048   Code   RO         3036    i.SD_DMATxAbort     stm32f4xx_hal_sd.o
    0x0800634c   0x000000d4   Code   RO         3037    i.SD_FindSCR        stm32f4xx_hal_sd.o
    0x08006420   0x000000e6   Code   RO         3038    i.SD_InitCard       stm32f4xx_hal_sd.o
    0x08006506   0x000000a2   Code   RO         3039    i.SD_PowerON        stm32f4xx_hal_sd.o
    0x080065a8   0x0000004e   Code   RO         3041    i.SD_WideBus_Disable  stm32f4xx_hal_sd.o
    0x080065f6   0x0000004e   Code   RO         3042    i.SD_WideBus_Enable  stm32f4xx_hal_sd.o
    0x08006644   0x00000020   Code   RO         3275    i.SPI_CheckFlag_BSY  stm32f4xx_hal_spi.o
    0x08006664   0x00000096   Code   RO         3293    i.SPI_WaitFlagStateUntilTimeout  stm32f4xx_hal_spi.o
    0x080066fa   0x00000002   PAD
    0x080066fc   0x00000064   Code   RO         1472    i.ShootInit         shootcontrol.o
    0x08006760   0x00000050   Code   RO         1739    i.SplitStr          stmgood.o
    0x080067b0   0x00000008   Code   RO          370    i.StartDefaultTask  freertos.o
    0x080067b8   0x00000078   Code   RO         1553    i.StartTask02       writtingtask.o
    0x08006830   0x00000064   Code   RO         1554    i.StartTask03       writtingtask.o
    0x08006894   0x00000034   Code   RO         1555    i.StartTask04       writtingtask.o
    0x080068c8   0x00000008   Code   RO          374    i.StartTask05       freertos.o
    0x080068d0   0x00000048   Code   RO         1473    i.StirMotorStart    shootcontrol.o
    0x08006918   0x00000194   Code   RO         1474    i.StirPID           shootcontrol.o
    0x08006aac   0x00000134   Code   RO         1740    i.StrToFloat        stmgood.o
    0x08006be0   0x00000010   Code   RO         1742    i.Strlen            stmgood.o
    0x08006bf0   0x00000028   Code   RO         1743    i.SubStr            stmgood.o
    0x08006c18   0x00000074   Code   RO         1475    i.Switchshoot       shootcontrol.o
    0x08006c8c   0x0000002c   Code   RO         7062    i.SysTick_Handler   port.o
    0x08006cb8   0x000000a4   Code   RO           15    i.SystemClock_Config  main.o
    0x08006d5c   0x00000054   Code   RO          944    i.SystemInit        system_stm32f4xx.o
    0x08006db0   0x0000000c   Code   RO          739    i.TIM6_DAC_IRQHandler  stm32f4xx_it.o
    0x08006dbc   0x000000c0   Code   RO         3643    i.TIM_Base_SetConfig  stm32f4xx_hal_tim.o
    0x08006e7c   0x00000016   Code   RO         3644    i.TIM_CCxChannelCmd  stm32f4xx_hal_tim.o
    0x08006e92   0x00000002   PAD
    0x08006e94   0x00000058   Code   RO         3652    i.TIM_OC1_SetConfig  stm32f4xx_hal_tim.o
    0x08006eec   0x00000064   Code   RO         3653    i.TIM_OC2_SetConfig  stm32f4xx_hal_tim.o
    0x08006f50   0x00000060   Code   RO         3654    i.TIM_OC3_SetConfig  stm32f4xx_hal_tim.o
    0x08006fb0   0x00000050   Code   RO         3655    i.TIM_OC4_SetConfig  stm32f4xx_hal_tim.o
    0x08007000   0x00000040   Code   RO         1148    i.Temp_keep         imucal.o
    0x08007040   0x00000018   Code   RO         1476    i.Turn_off_Fric     shootcontrol.o
    0x08007058   0x00000014   Code   RO         1477    i.Turn_on_Fric      shootcontrol.o
    0x0800706c   0x00000010   Code   RO         4465    i.UART_DMAAbortOnError  stm32f4xx_hal_uart.o
    0x0800707c   0x0000004a   Code   RO         4466    i.UART_DMAError     stm32f4xx_hal_uart.o
    0x080070c6   0x0000003c   Code   RO         4467    i.UART_DMAReceiveCplt  stm32f4xx_hal_uart.o
    0x08007102   0x0000000a   Code   RO         4469    i.UART_DMARxHalfCplt  stm32f4xx_hal_uart.o
    0x0800710c   0x0000001c   Code   RO         4475    i.UART_EndRxTransfer  stm32f4xx_hal_uart.o
    0x08007128   0x00000012   Code   RO         4476    i.UART_EndTxTransfer  stm32f4xx_hal_uart.o
    0x0800713a   0x0000008c   Code   RO         4477    i.UART_Receive_IT   stm32f4xx_hal_uart.o
    0x080071c6   0x00000002   PAD
    0x080071c8   0x000002ac   Code   RO         4478    i.UART_SetConfig    stm32f4xx_hal_uart.o
    0x08007474   0x00000062   Code   RO         4479    i.UART_Transmit_IT  stm32f4xx_hal_uart.o
    0x080074d6   0x00000002   PAD
    0x080074d8   0x00000048   Code   RO         1066    i.USART1_Enable     bsp_usart.o
    0x08007520   0x00000034   Code   RO         1067    i.USART1_IDLE_IRQ   bsp_usart.o
    0x08007554   0x00000004   Code   RO          740    i.USART1_IRQHandler  stm32f4xx_it.o
    0x08007558   0x00000024   Code   RO         1068    i.USART2_Enable     bsp_usart.o
    0x0800757c   0x0000000c   Code   RO          741    i.USART2_IRQHandler  stm32f4xx_it.o
    0x08007588   0x00000024   Code   RO         1069    i.USART3_Enable     bsp_usart.o
    0x080075ac   0x0000000c   Code   RO          742    i.USART6_IRQHandler  stm32f4xx_it.o
    0x080075b8   0x00000002   Code   RO          743    i.UsageFault_Handler  stm32f4xx_it.o
    0x080075ba   0x00000002   PAD
    0x080075bc   0x00000154   Code   RO         1405    i.YawPID            gimbalcontrol.o
    0x08007710   0x00000020   Code   RO         7432    i.__0printf         mc_w.l(printfa.o)
    0x08007730   0x00000030   Code   RO         7514    i.__ARM_fpclassify  m_wm.l(fpclassify.o)
    0x08007760   0x00000026   Code   RO         7516    i.__ARM_fpclassifyf  m_wm.l(fpclassifyf.o)
    0x08007786   0x00000002   PAD
    0x08007788   0x00000360   Code   RO         7138    i.__hardfp_asin     m_wm.l(asin.o)
    0x08007ae8   0x000002d8   Code   RO         7480    i.__hardfp_atan     m_wm.l(atan.o)
    0x08007dc0   0x000001f0   Code   RO         7152    i.__hardfp_atan2    m_wm.l(atan2.o)
    0x08007fb0   0x00000150   Code   RO         7164    i.__hardfp_cosf     m_wm.l(cosf.o)
    0x08008100   0x00000190   Code   RO         7176    i.__hardfp_sinf     m_wm.l(sinf.o)
    0x08008290   0x000000f8   Code   RO         7532    i.__kernel_poly     m_wm.l(poly.o)
    0x08008388   0x00000014   Code   RO         7495    i.__mathlib_dbl_infnan  m_wm.l(dunder.o)
    0x0800839c   0x00000014   Code   RO         7496    i.__mathlib_dbl_infnan2  m_wm.l(dunder.o)
    0x080083b0   0x00000020   Code   RO         7497    i.__mathlib_dbl_invalid  m_wm.l(dunder.o)
    0x080083d0   0x00000020   Code   RO         7500    i.__mathlib_dbl_underflow  m_wm.l(dunder.o)
    0x080083f0   0x00000006   Code   RO         7519    i.__mathlib_flt_infnan  m_wm.l(funder.o)
    0x080083f6   0x00000002   PAD
    0x080083f8   0x00000010   Code   RO         7521    i.__mathlib_flt_invalid  m_wm.l(funder.o)
    0x08008408   0x00000010   Code   RO         7524    i.__mathlib_flt_underflow  m_wm.l(funder.o)
    0x08008418   0x00000154   Code   RO         7535    i.__mathlib_rredf2  m_wm.l(rredf.o)
    0x0800856c   0x0000000e   Code   RO         7599    i.__scatterload_copy  mc_w.l(handlers.o)
    0x0800857a   0x00000002   Code   RO         7600    i.__scatterload_null  mc_w.l(handlers.o)
    0x0800857c   0x0000000e   Code   RO         7601    i.__scatterload_zeroinit  mc_w.l(handlers.o)
    0x0800858a   0x00000002   PAD
    0x0800858c   0x0000000c   Code   RO         7575    i.__set_errno       mc_w.l(errno.o)
    0x08008598   0x00000184   Code   RO         7439    i._fp_digits        mc_w.l(printfa.o)
    0x0800871c   0x000006dc   Code   RO         7440    i._printf_core      mc_w.l(printfa.o)
    0x08008df8   0x00000024   Code   RO         7441    i._printf_post_padding  mc_w.l(printfa.o)
    0x08008e1c   0x0000002e   Code   RO         7442    i._printf_pre_padding  mc_w.l(printfa.o)
    0x08008e4a   0x00000010   Code   RO         7482    i.atan              m_wm.l(atan.o)
    0x08008e5a   0x00000002   PAD
    0x08008e5c   0x000002cc   Code   RO         1750    i.cmd               stmgood.o
    0x08009128   0x00000018   Code   RO         7510    i.fabs              m_wm.l(fabs.o)
    0x08009140   0x00000018   Code   RO         1070    i.fputc             bsp_usart.o
    0x08009158   0x00000010   Code   RO         1752    i.go1               stmgood.o
    0x08009168   0x00000388   Code   RO         1149    i.imu_AHRS_update   imucal.o
    0x080094f0   0x00000016   Code   RO         1150    i.imu_cal_update    imucal.o
    0x08009506   0x00000002   PAD
    0x08009508   0x0000002c   Code   RO         1152    i.invSqrt           imucal.o
    0x08009534   0x00000082   Code   RO           16    i.main              main.o
    0x080095b6   0x0000000c   Code   RO         6639    i.makeFreeRtosPriority  cmsis_os.o
    0x080095c2   0x00000002   PAD
    0x080095c4   0x00000068   Code   RO         1759    i.multi1            stmgood.o
    0x0800962c   0x00000068   Code   RO         1760    i.multi2            stmgood.o
    0x08009694   0x00000050   Code   RO         1761    i.multi3            stmgood.o
    0x080096e4   0x0000004c   Code   RO         1762    i.multi4            stmgood.o
    0x08009730   0x0000000e   Code   RO         6641    i.osDelay           cmsis_os.o
    0x0800973e   0x0000000a   Code   RO         6644    i.osKernelStart     cmsis_os.o
    0x08009748   0x0000002e   Code   RO         6678    i.osThreadCreate    cmsis_os.o
    0x08009776   0x00000002   PAD
    0x08009778   0x00000070   Code   RO         6183    i.prvAddCurrentTaskToDelayedList  tasks.o
    0x080097e8   0x000000d0   Code   RO         6184    i.prvAddNewTaskToReadyList  tasks.o
    0x080098b8   0x00000050   Code   RO         6520    i.prvCheckForValidListAndQueue  timers.o
    0x08009908   0x00000050   Code   RO         6185    i.prvCheckTasksWaitingTermination  tasks.o
    0x08009958   0x00000026   Code   RO         6018    i.prvCopyDataFromQueue  queue.o
    0x0800997e   0x0000006c   Code   RO         6019    i.prvCopyDataToQueue  queue.o
    0x080099ea   0x00000014   Code   RO         6186    i.prvDeleteTCB      tasks.o
    0x080099fe   0x00000002   PAD
    0x08009a00   0x0000004c   Code   RO         7012    i.prvHeapInit       heap_4.o
    0x08009a4c   0x00000028   Code   RO         6187    i.prvIdleTask       tasks.o
    0x08009a74   0x0000009c   Code   RO         6188    i.prvInitialiseNewTask  tasks.o
    0x08009b10   0x0000004c   Code   RO         7013    i.prvInsertBlockIntoFreeList  heap_4.o
    0x08009b5c   0x00000038   Code   RO         6521    i.prvInsertTimerInActiveList  timers.o
    0x08009b94   0x0000001c   Code   RO         6020    i.prvIsQueueEmpty   queue.o
    0x08009bb0   0x000000b8   Code   RO         6522    i.prvProcessReceivedCommands  timers.o
    0x08009c68   0x000000b4   Code   RO         6523    i.prvProcessTimerOrBlockTask  timers.o
    0x08009d1c   0x00000020   Code   RO         6190    i.prvResetNextTaskUnblockTime  tasks.o
    0x08009d3c   0x00000028   Code   RO         6524    i.prvSampleTimeNow  timers.o
    0x08009d64   0x0000006c   Code   RO         6525    i.prvSwitchTimerLists  timers.o
    0x08009dd0   0x00000028   Code   RO         7063    i.prvTaskExitError  port.o
    0x08009df8   0x00000024   Code   RO         6526    i.prvTimerTask      timers.o
    0x08009e1c   0x0000006a   Code   RO         6021    i.prvUnlockQueue    queue.o
    0x08009e86   0x00000002   PAD
    0x08009e88   0x000000d8   Code   RO         7014    i.pvPortMalloc      heap_4.o
    0x08009f60   0x00000018   Code   RO         6193    i.pvTaskIncrementMutexHeldCount  tasks.o
    0x08009f78   0x0000002c   Code   RO         7064    i.pxPortInitialiseStack  port.o
    0x08009fa4   0x00000038   Code   RO         1696    i.ramp_cal          ramp.o
    0x08009fdc   0x00000014   Code   RO         1697    i.ramp_init         ramp.o
    0x08009ff0   0x0000006e   Code   RO         7540    i.sqrt              m_wm.l(sqrt.o)
    0x0800a05e   0x00000024   Code   RO         5981    i.uxListRemove      list.o
    0x0800a082   0x00000002   Code   RO          375    i.vApplicationStackOverflowHook  freertos.o
    0x0800a084   0x00000016   Code   RO         5982    i.vListInitialise   list.o
    0x0800a09a   0x00000006   Code   RO         5983    i.vListInitialiseItem  list.o
    0x0800a0a0   0x00000030   Code   RO         5984    i.vListInsert       list.o
    0x0800a0d0   0x00000018   Code   RO         5985    i.vListInsertEnd    list.o
    0x0800a0e8   0x00000040   Code   RO         7066    i.vPortEnterCritical  port.o
    0x0800a128   0x00000028   Code   RO         7067    i.vPortExitCritical  port.o
    0x0800a150   0x0000005c   Code   RO         7015    i.vPortFree         heap_4.o
    0x0800a1ac   0x00000020   Code   RO         7068    i.vPortSetupTimerInterrupt  port.o
    0x0800a1cc   0x00000054   Code   RO         7069    i.vPortValidateInterruptPriority  port.o
    0x0800a220   0x00000028   Code   RO         6027    i.vQueueAddToRegistry  queue.o
    0x0800a248   0x00000044   Code   RO         6031    i.vQueueWaitForMessageRestricted  queue.o
    0x0800a28c   0x0000004c   Code   RO         6202    i.vTaskDelay        tasks.o
    0x0800a2d8   0x0000000c   Code   RO         6207    i.vTaskMissedYield  tasks.o
    0x0800a2e4   0x00000030   Code   RO         6209    i.vTaskPlaceOnEventList  tasks.o
    0x0800a314   0x00000038   Code   RO         6210    i.vTaskPlaceOnEventListRestricted  tasks.o
    0x0800a34c   0x00000084   Code   RO         6212    i.vTaskPriorityInherit  tasks.o
    0x0800a3d0   0x00000024   Code   RO         6216    i.vTaskSetTimeOutState  tasks.o
    0x0800a3f4   0x00000070   Code   RO         6217    i.vTaskStartScheduler  tasks.o
    0x0800a464   0x00000010   Code   RO         6219    i.vTaskSuspendAll   tasks.o
    0x0800a474   0x00000074   Code   RO         6220    i.vTaskSwitchContext  tasks.o
    0x0800a4e8   0x000000e0   Code   RO         7070    i.xPortStartScheduler  port.o
    0x0800a5c8   0x00000052   Code   RO         6033    i.xQueueGenericCreate  queue.o
    0x0800a61a   0x00000002   PAD
    0x0800a61c   0x0000016c   Code   RO         6034    i.xQueueGenericReceive  queue.o
    0x0800a788   0x00000088   Code   RO         6035    i.xQueueGenericReset  queue.o
    0x0800a810   0x00000160   Code   RO         6036    i.xQueueGenericSend  queue.o
    0x0800a970   0x000000bc   Code   RO         6037    i.xQueueGenericSendFromISR  queue.o
    0x0800aa2c   0x0000006c   Code   RO         6221    i.xTaskCheckForTimeOut  tasks.o
    0x0800aa98   0x00000056   Code   RO         6222    i.xTaskCreate       tasks.o
    0x0800aaee   0x00000002   PAD
    0x0800aaf0   0x0000001c   Code   RO         6226    i.xTaskGetSchedulerState  tasks.o
    0x0800ab0c   0x0000000c   Code   RO         6227    i.xTaskGetTickCount  tasks.o
    0x0800ab18   0x000000c8   Code   RO         6229    i.xTaskIncrementTick  tasks.o
    0x0800abe0   0x00000098   Code   RO         6232    i.xTaskPriorityDisinherit  tasks.o
    0x0800ac78   0x00000074   Code   RO         6233    i.xTaskRemoveFromEventList  tasks.o
    0x0800acec   0x000000c4   Code   RO         6235    i.xTaskResumeAll    tasks.o
    0x0800adb0   0x00000048   Code   RO         6530    i.xTimerCreateTimerTask  timers.o
    0x0800adf8   0x00000060   Code   RO         6531    i.xTimerGenericCommand  timers.o
    0x0800ae58   0x00000018   Code   RO         1605    i.xdelay_ms         delay.o
    0x0800ae70   0x00000064   Data   RO          376    .constdata          freertos.o
    0x0800aed4   0x00000010   Data   RO          945    .constdata          system_stm32f4xx.o
    0x0800aee4   0x00000008   Data   RO          946    .constdata          system_stm32f4xx.o
    0x0800aeec   0x00000008   Data   RO         5279    .constdata          stm32f4xx_hal_dma.o
    0x0800aef4   0x00000004   PAD
    0x0800aef8   0x00000050   Data   RO         7141    .constdata          m_wm.l(asin.o)
    0x0800af48   0x00000098   Data   RO         7483    .constdata          m_wm.l(atan.o)
    0x0800afe0   0x00000008   Data   RO         7534    .constdata          m_wm.l(qnan.o)
    0x0800afe8   0x00000020   Data   RO         7536    .constdata          m_wm.l(rredf.o)
    0x0800b008   0x0000003c   Data   RO          377    .conststring        freertos.o
    0x0800b044   0x00000020   Data   RO         7597    Region$$Table       anon$$obj.o


    Execution Region RW_IRAM1 (Base: 0x20000000, Size: 0x000052c0, Max: 0x00030000, ABSOLUTE, COMPRESSED[0x00000030])

    Base Addr    Size         Type   Attr      Idx    E Section Name        Object

    0x20000000   0x00000004   Data   RW          301    .data               can.o
    0x20000004   0x00000014   Data   RW          378    .data               freertos.o
    0x20000018   0x00000004   Data   RW          947    .data               system_stm32f4xx.o
    0x2000001c   0x00000018   Data   RW          986    .data               bsp_can.o
    0x20000034   0x00000074   Data   RW         1154    .data               imucal.o
    0x200000a8   0x00000014   Data   RW         1238    .data               mpu6500.o
    0x200000bc   0x00000018   Data   RW         1332    .data               chassiscontrol.o
    0x200000d4   0x00000008   Data   RW         1407    .data               gimbalcontrol.o
    0x200000dc   0x00000018   Data   RW         1479    .data               shootcontrol.o
    0x200000f4   0x00000008   Data   RW         1556    .data               writtingtask.o
    0x200000fc   0x00000004   Data   RW         1667    .data               dbus.o
    0x20000100   0x0000000c   Data   RW         1698    .data               ramp.o
    0x2000010c   0x0000000c   Data   RW         1699    .data               ramp.o
    0x20000118   0x00000078   Data   RW         1798    .data               stmgood.o
    0x20000190   0x0000000c   Data   RW         5724    .data               stm32f4xx_hal.o
    0x2000019c   0x0000003c   Data   RW         6238    .data               tasks.o
    0x200001d8   0x00000014   Data   RW         6537    .data               timers.o
    0x200001ec   0x00000018   Data   RW         7020    .data               heap_4.o
    0x20000204   0x0000000c   Data   RW         7071    .data               port.o
    0x20000210   0x00000004   Data   RW         7564    .data               mc_w.l(stdout.o)
    0x20000214   0x00000004   Data   RW         7576    .data               mc_w.l(errno.o)
    0x20000218   0x00000050   Zero   RW          300    .bss                can.o
    0x20000268   0x00000020   Zero   RW          455    .bss                rtc.o
    0x20000288   0x00000084   Zero   RW          497    .bss                sdio.o
    0x2000030c   0x00000058   Zero   RW          539    .bss                spi.o
    0x20000364   0x000001a4   Zero   RW          588    .bss                tim.o
    0x20000508   0x000003a0   Zero   RW          668    .bss                usart.o
    0x200008a8   0x0000003c   Zero   RW          907    .bss                stm32f4xx_hal_timebase_tim.o
    0x200008e4   0x000000c8   Zero   RW         1071    .bss                bsp_usart.o
    0x200009ac   0x0000002c   Zero   RW         1153    .bss                imucal.o
    0x200009d8   0x0000003c   Zero   RW         1235    .bss                mpu6500.o
    0x20000a14   0x00000148   Zero   RW         1331    .bss                chassiscontrol.o
    0x20000b5c   0x000000f8   Zero   RW         1406    .bss                gimbalcontrol.o
    0x20000c54   0x00000004   PAD
    0x20000c58   0x00000088   Zero   RW         1478    .bss                shootcontrol.o
    0x20000ce0   0x00000026   Zero   RW         1666    .bss                dbus.o
    0x20000d06   0x00000002   PAD
    0x20000d08   0x00000450   Zero   RW         1797    .bss                stmgood.o
    0x20001158   0x0000000c   Zero   RW         2113    .bss                keyboard.o
    0x20001164   0x00000040   Zero   RW         6043    .bss                queue.o
    0x200011a4   0x000000f0   Zero   RW         6237    .bss                tasks.o
    0x20001294   0x00000028   Zero   RW         6536    .bss                timers.o
    0x200012bc   0x00003c00   Zero   RW         7019    .bss                heap_4.o
    0x20004ebc   0x00000004   PAD
    0x20004ec0   0x00000400   Zero   RW            1    STACK               startup_stm32f427xx.o


==============================================================================

Image component sizes


      Code (inc. data)   RO Data    RW Data    ZI Data      Debug   Object Name

       768         76          0         24          0       4628   bsp_can.o
       294         60          0          0        200       4428   bsp_usart.o
       424         40          0          4         80       2350   can.o
      1480        176          0         24        328       6612   chassiscontrol.o
        82          0          0          0          0      12525   cmsis_os.o
       220         14          0          4         38       1668   dbus.o
        24          0          0          0          0        588   delay.o
       156          4          0          0          0        794   dma.o
         0          0          0          0          0       9456   event_groups.o
       146         10        160         20          0       2912   freertos.o
      1268        212          0          8        248       5618   gimbalcontrol.o
       420         32          0          0          0       1163   gpio.o
       460         24          0         24      15360       4639   heap_4.o
      1546         74          0        116         44       4419   imucal.o
       232         16          0          0         12       1694   keyboard.o
       136          0          0          0          0       3414   list.o
       316         14          0          0          0     816073   main.o
       236         22          0         20         60       3892   mpu6500.o
       134          0          0          0          0        775   pid.o
       758         84          0         12          0      11629   port.o
      1510         20          0          0         64      13969   queue.o
        76         12          0         24          0       1875   ramp.o
       168         16          0          0         32       1459   rtc.o
       228         26          0          0        132       1629   sdio.o
       896        168          0         24        136       7473   shootcontrol.o
       180         24          0          0         88       1565   spi.o
        36          8        428          0       1024        816   startup_stm32f427xx.o
       116         18          0         12          0       3758   stm32f4xx_hal.o
      1660          6          0          0          0      13579   stm32f4xx_hal_can.o
       154         14          0          0          0      29498   stm32f4xx_hal_cortex.o
      1160         16          8          0          0       8010   stm32f4xx_hal_dma.o
       478         52          0          0          0       2969   stm32f4xx_hal_gpio.o
        56          4          0          0          0        794   stm32f4xx_hal_msp.o
       112         14          0          0          0       1244   stm32f4xx_hal_pwr_ex.o
      1328         90          0          0          0       5657   stm32f4xx_hal_rcc.o
       564         36          0          0          0       1552   stm32f4xx_hal_rcc_ex.o
       764         16          0          0          0       5780   stm32f4xx_hal_rtc.o
       194          0          0          0          0       1383   stm32f4xx_hal_rtc_ex.o
      2136         14          0          0          0      13660   stm32f4xx_hal_sd.o
       782          0          0          0          0       4309   stm32f4xx_hal_spi.o
      1342         88          0          0          0      12541   stm32f4xx_hal_tim.o
       174          0          0          0          0       3134   stm32f4xx_hal_tim_ex.o
       116         16          0          0         60       1335   stm32f4xx_hal_timebase_tim.o
      1814         28          0          0          0      11354   stm32f4xx_hal_uart.o
       204         88          0          0          0       9753   stm32f4xx_it.o
      1430         42          0          0          0      19099   stm32f4xx_ll_sdmmc.o
      2450        466          0        120       1104      12446   stmgood.o
        84         18         24          4          0       1095   system_stm32f4xx.o
      2174        180          0         60        240      23527   tasks.o
      1764        144          0          0        420       6859   tim.o
       852         78          0         20         40      17411   timers.o
      1016         92          0          0        928       4278   usart.o
       812        284          0          8          0       2349   writtingtask.o

    ----------------------------------------------------------------------
     35990       2936        656        528      20648    1145437   Object Totals
         0          0         32          0          0          0   (incl. Generated)
        60          0          4          0         10          0   (incl. Padding)

    ----------------------------------------------------------------------

      Code (inc. data)   RO Data    RW Data    ZI Data      Debug   Library Member Name

       864         94         80          0          0        280   asin.o
       744        106        152          0          0        352   atan.o
       496         64          0          0          0        192   atan2.o
       336         56          0          0          0        136   cosf.o
       104         16          0          0          0        496   dunder.o
        24          0          0          0          0        124   fabs.o
        48          0          0          0          0        124   fpclassify.o
        38          0          0          0          0        116   fpclassifyf.o
        38         12          0          0          0        348   funder.o
       248          0          0          0          0        152   poly.o
         0          0          8          0          0          0   qnan.o
       340         24         32          0          0        160   rredf.o
       400         56          0          0          0        212   sinf.o
       110          0          0          0          0        148   sqrt.o
        86          0          0          0          0          0   __dczerorl2.o
         0          0          0          0          0          0   entry.o
         0          0          0          0          0          0   entry10a.o
         0          0          0          0          0          0   entry11a.o
         8          4          0          0          0          0   entry2.o
         4          0          0          0          0          0   entry5.o
         0          0          0          0          0          0   entry7b.o
         0          0          0          0          0          0   entry8b.o
         8          4          0          0          0          0   entry9a.o
        12          6          0          4          0         68   errno.o
        30          0          0          0          0          0   handlers.o
        36          8          0          0          0         68   init.o
         0          0          0          0          0          0   iusefp.o
        30          0          0          0          0         68   llshl.o
        36          0          0          0          0         68   llsshr.o
        32          0          0          0          0         68   llushr.o
        36          0          0          0          0         68   memcpya.o
        36          0          0          0          0        108   memseta.o
      2258         90          0          0          0        452   printfa.o
         0          0          0          4          0          0   stdout.o
        44          0          0          0          0         80   uidiv.o
        98          0          0          0          0         92   uldiv.o
        48          0          0          0          0         68   cdrcmple.o
        56          0          0          0          0         88   d2f.o
       334          0          0          0          0        148   dadd.o
       222          0          0          0          0        100   ddiv.o
       186          0          0          0          0        176   depilogue.o
        62          0          0          0          0         80   dfixi.o
        74          0          0          0          0         80   dfixl.o
        48          0          0          0          0         68   dfixul.o
        34          0          0          0          0         76   dflti.o
        40          0          0          0          0         80   dfltl.o
       228          0          0          0          0         96   dmul.o
       162          0          0          0          0        100   dsqrt.o
        38          0          0          0          0         68   f2d.o
       110          0          0          0          0        168   fepilogue.o
        44          0          0          0          0         92   ffltl.o

    ----------------------------------------------------------------------
      8238        540        272          8          0       5468   Library Totals
         8          0          0          0          0          0   (incl. Padding)

    ----------------------------------------------------------------------

      Code (inc. data)   RO Data    RW Data    ZI Data      Debug   Library Name

      3790        428        272          0          0       2840   m_wm.l
      2754        112          0          8          0       1140   mc_w.l
      1686          0          0          0          0       1488   mf_w.l

    ----------------------------------------------------------------------
      8238        540        272          8          0       5468   Library Totals

    ----------------------------------------------------------------------

==============================================================================


      Code (inc. data)   RO Data    RW Data    ZI Data      Debug   

     44228       3476        928        536      20648    1116537   Grand Totals
     44228       3476        928         48      20648    1116537   ELF Image Totals (compressed)
     44228       3476        928         48          0          0   ROM Totals

==============================================================================

    Total RO  Size (Code + RO Data)                45156 (  44.10kB)
    Total RW  Size (RW Data + ZI Data)             21184 (  20.69kB)
    Total ROM Size (Code + RO Data + RW Data)      45204 (  44.14kB)

==============================================================================

